
--- 2026-05-18T16:47:27.853Z debug
🪵  Writing logs to "/Users/kimryan/Desktop/megas/.tmp/wrangler-logs/wrangler-2026-05-18_16-47-27_816.log"
---

--- 2026-05-18T16:47:27.853Z debug
Metrics dispatcher: Dispatching disabled - would have sent {"deviceId":"c8397d8f-15b6-4383-ac87-c9f1f1083fc4","event":"wrangler command started","timestamp":1779122847853,"properties":{"amplitude_session_id":1779122847852,"amplitude_event_id":0,"wranglerVersion":"4.0.0","osPlatform":"Mac OS","osVersion":"Darwin Kernel Version 22.6.0: Sun Dec 17 22:14:25 PST 2023; root:xnu-8796.141.3.703.2~2/RELEASE_ARM64_T8112","nodeVersion":24,"packageManager":"npm","isFirstUsage":false,"configFileType":"toml","isCI":false,"isPagesCI":false,"isWorkersCI":false,"isInteractive":false,"hasAssets":false,"argsUsed":["c","config"],"argsCombination":"c, config","command":"wrangler secret put","args":{"config":"<REDACTED>","c":"<REDACTED>","xJsonConfig":true,"j":true,"key":"<REDACTED>"}}}.
---

--- 2026-05-18T16:47:27.854Z debug
.env file not found at ".env". Continuing... For more details, refer to https://developers.cloudflare.com/workers/wrangler/system-environment-variables/
---

--- 2026-05-18T16:47:27.858Z log

 ⛅️ wrangler 4.0.0 (update available 4.92.0)
--------------------------------------------

---

--- 2026-05-18T16:47:27.861Z debug
Saving to cache: {"account":{"id":"923201050a960d4c64fb9b90a88cb956","name":""}}
---

--- 2026-05-18T16:47:27.862Z log
🌀 Creating the secret for the Worker "post-data-worker" 
---

--- 2026-05-18T16:47:27.862Z debug
-- START CF API REQUEST: PUT https://api.cloudflare.com/client/v4/accounts/923201050a960d4c64fb9b90a88cb956/workers/scripts/post-data-worker/secrets
---

--- 2026-05-18T16:47:27.862Z debug
HEADERS: omitted; set WRANGLER_LOG_SANITIZE=false to include sanitized data
---

--- 2026-05-18T16:47:27.862Z debug
INIT: omitted; set WRANGLER_LOG_SANITIZE=false to include sanitized data
---

--- 2026-05-18T16:47:27.862Z debug
-- END CF API REQUEST
---

--- 2026-05-18T16:47:28.593Z debug
-- START CF API RESPONSE: Created 201
---

--- 2026-05-18T16:47:28.594Z debug
HEADERS: omitted; set WRANGLER_LOG_SANITIZE=false to include sanitized data
---

--- 2026-05-18T16:47:28.594Z debug
RESPONSE: omitted; set WRANGLER_LOG_SANITIZE=false to include sanitized data
---

--- 2026-05-18T16:47:28.594Z debug
-- END CF API RESPONSE
---

--- 2026-05-18T16:47:28.595Z debug
Metrics dispatcher: Dispatching disabled - would have sent {"deviceId":"c8397d8f-15b6-4383-ac87-c9f1f1083fc4","event":"create encrypted variable","timestamp":1779122848595,"properties":{"category":"Workers","wranglerVersion":"4.0.0","os":"darwin:arm64"}}.
---

--- 2026-05-18T16:47:28.595Z log
✨ Success! Uploaded secret WORKER_API_KEY
---

--- 2026-05-18T16:47:28.595Z debug
Metrics dispatcher: Dispatching disabled - would have sent {"deviceId":"c8397d8f-15b6-4383-ac87-c9f1f1083fc4","event":"wrangler command completed","timestamp":1779122848595,"properties":{"amplitude_session_id":1779122847852,"amplitude_event_id":1,"wranglerVersion":"4.0.0","osPlatform":"Mac OS","osVersion":"Darwin Kernel Version 22.6.0: Sun Dec 17 22:14:25 PST 2023; root:xnu-8796.141.3.703.2~2/RELEASE_ARM64_T8112","nodeVersion":24,"packageManager":"npm","isFirstUsage":false,"configFileType":"toml","isCI":false,"isPagesCI":false,"isWorkersCI":false,"isInteractive":false,"hasAssets":false,"argsUsed":["c","config"],"argsCombination":"c, config","command":"wrangler secret put","args":{"config":"<REDACTED>","c":"<REDACTED>","xJsonConfig":true,"j":true,"key":"<REDACTED>"},"durationMs":750,"durationSeconds":0.75,"durationMinutes":0.0125}}.
---
