
--- 2026-05-18T17:00:31.069Z debug
🪵  Writing logs to "/Users/kimryan/Desktop/megas/.tmp/wrangler-logs/wrangler-2026-05-18_17-00-31_028.log"
---

--- 2026-05-18T17:00:31.069Z debug
Metrics dispatcher: Dispatching disabled - would have sent {"deviceId":"c8397d8f-15b6-4383-ac87-c9f1f1083fc4","event":"wrangler command started","timestamp":1779123631068,"properties":{"amplitude_session_id":1779123631067,"amplitude_event_id":0,"wranglerVersion":"4.0.0","osPlatform":"Mac OS","osVersion":"Darwin Kernel Version 22.6.0: Sun Dec 17 22:14:25 PST 2023; root:xnu-8796.141.3.703.2~2/RELEASE_ARM64_T8112","nodeVersion":24,"packageManager":"npm","isFirstUsage":false,"configFileType":"toml","isCI":false,"isPagesCI":false,"isWorkersCI":false,"isInteractive":false,"hasAssets":false,"argsUsed":["command","remote"],"argsCombination":"command, remote","command":"wrangler d1 execute","args":{"remote":true,"command":"<REDACTED>","xJsonConfig":true,"j":true,"json":false,"preview":false,"database":"<REDACTED>"}}}.
---

--- 2026-05-18T17:00:31.069Z debug
.env file not found at ".env". Continuing... For more details, refer to https://developers.cloudflare.com/workers/wrangler/system-environment-variables/
---

--- 2026-05-18T17:00:31.075Z log

 ⛅️ wrangler 4.0.0 (update available 4.92.0)
--------------------------------------------

---

--- 2026-05-18T17:00:31.077Z debug
No experimental flag store instantiated
---

--- 2026-05-18T17:00:31.077Z debug
Attempted to use flag "RESOURCES_PROVISION" which has not been instantiated
---

--- 2026-05-18T17:00:31.077Z debug
No experimental flag store instantiated
---

--- 2026-05-18T17:00:31.077Z debug
Attempted to use flag "RESOURCES_PROVISION" which has not been instantiated
---

--- 2026-05-18T17:00:31.078Z debug
Saving to cache: {"account":{"id":"923201050a960d4c64fb9b90a88cb956","name":""}}
---

--- 2026-05-18T17:00:31.080Z log
🌀 Executing on remote database megashorts-db (52d25396-2a61-42a8-904f-2d7956cede44):
---

--- 2026-05-18T17:00:31.080Z log
🌀 To execute on your local development database, remove the --remote flag from your wrangler command.
---

--- 2026-05-18T17:00:31.080Z debug
-- START CF API REQUEST: POST https://api.cloudflare.com/client/v4/accounts/923201050a960d4c64fb9b90a88cb956/d1/database/52d25396-2a61-42a8-904f-2d7956cede44/query
---

--- 2026-05-18T17:00:31.080Z debug
HEADERS: omitted; set WRANGLER_LOG_SANITIZE=false to include sanitized data
---

--- 2026-05-18T17:00:31.080Z debug
INIT: omitted; set WRANGLER_LOG_SANITIZE=false to include sanitized data
---

--- 2026-05-18T17:00:31.080Z debug
-- END CF API REQUEST
---

--- 2026-05-18T17:00:31.227Z debug
-- START CF API RESPONSE: OK 200
---

--- 2026-05-18T17:00:31.228Z debug
HEADERS: omitted; set WRANGLER_LOG_SANITIZE=false to include sanitized data
---

--- 2026-05-18T17:00:31.228Z debug
RESPONSE: omitted; set WRANGLER_LOG_SANITIZE=false to include sanitized data
---

--- 2026-05-18T17:00:31.228Z debug
-- END CF API RESPONSE
---

--- 2026-05-18T17:00:31.229Z log
🚣 Executed 1 command in 0.2086ms
---

--- 2026-05-18T17:00:31.229Z log
[
  {
    "results": [
      {
        "cid": 0,
        "name": "id",
        "type": "TEXT",
        "notnull": 0,
        "dflt_value": null,
        "pk": 1
      },
      {
        "cid": 1,
        "name": "user_id",
        "type": "TEXT",
        "notnull": 1,
        "dflt_value": null,
        "pk": 0
      },
      {
        "cid": 2,
        "name": "master_id",
        "type": "TEXT",
        "notnull": 0,
        "dflt_value": null,
        "pk": 0
      },
      {
        "cid": 3,
        "name": "date",
        "type": "TEXT",
        "notnull": 1,
        "dflt_value": null,
        "pk": 0
      },
      {
        "cid": 4,
        "name": "point_by_coin",
        "type": "REAL",
        "notnull": 0,
        "dflt_value": "0.0",
        "pk": 0
      },
      {
        "cid": 5,
        "name": "point_by_subscription",
        "type": "REAL",
        "notnull": 0,
        "dflt_value": "0.0",
        "pk": 0
      },
      {
        "cid": 6,
        "name": "commission_type",
        "type": "TEXT",
        "notnull": 1,
        "dflt_value": null,
        "pk": 0
      },
      {
        "cid": 7,
        "name": "view_count_coin",
        "type": "INTEGER",
        "notnull": 0,
        "dflt_value": "0",
        "pk": 0
      },
      {
        "cid": 8,
        "name": "view_count_subscription",
        "type": "INTEGER",
        "notnull": 0,
        "dflt_value": "0",
        "pk": 0
      },
      {
        "cid": 9,
        "name": "batch_id",
        "type": "TEXT",
        "notnull": 1,
        "dflt_value": null,
        "pk": 0
      },
      {
        "cid": 10,
        "name": "processed",
        "type": "INTEGER",
        "notnull": 0,
        "dflt_value": "0",
        "pk": 0
      },
      {
        "cid": 11,
        "name": "processed_at",
        "type": "TEXT",
        "notnull": 0,
        "dflt_value": null,
        "pk": 0
      },
      {
        "cid": 12,
        "name": "created_at",
        "type": "TEXT",
        "notnull": 1,
        "dflt_value": "datetime('now')",
        "pk": 0
      },
      {
        "cid": 13,
        "name": "post_id",
        "type": "TEXT",
        "notnull": 0,
        "dflt_value": null,
        "pk": 0
      },
      {
        "cid": 14,
        "name": "updated_at",
        "type": "TEXT",
        "notnull": 0,
        "dflt_value": null,
        "pk": 0
      },
      {
        "cid": 15,
        "name": "metadata",
        "type": "TEXT",
        "notnull": 0,
        "dflt_value": null,
        "pk": 0
      }
    ],
    "success": true,
    "meta": {
      "served_by": "v3-prod",
      "served_by_region": "APAC",
      "served_by_colo": "HKG",
      "served_by_primary": true,
      "timings": {
        "sql_duration_ms": 0.2086
      },
      "duration": 0.2086,
      "changes": 0,
      "last_row_id": 273,
      "changed_db": false,
      "size_after": 278528,
      "rows_read": 0,
      "rows_written": 0,
      "total_attempts": 1
    }
  }
]
---

--- 2026-05-18T17:00:31.230Z debug
Metrics dispatcher: Dispatching disabled - would have sent {"deviceId":"c8397d8f-15b6-4383-ac87-c9f1f1083fc4","event":"wrangler command completed","timestamp":1779123631230,"properties":{"amplitude_session_id":1779123631067,"amplitude_event_id":1,"wranglerVersion":"4.0.0","osPlatform":"Mac OS","osVersion":"Darwin Kernel Version 22.6.0: Sun Dec 17 22:14:25 PST 2023; root:xnu-8796.141.3.703.2~2/RELEASE_ARM64_T8112","nodeVersion":24,"packageManager":"npm","isFirstUsage":false,"configFileType":"toml","isCI":false,"isPagesCI":false,"isWorkersCI":false,"isInteractive":false,"hasAssets":false,"argsUsed":["command","remote"],"argsCombination":"command, remote","command":"wrangler d1 execute","args":{"remote":true,"command":"<REDACTED>","xJsonConfig":true,"j":true,"json":false,"preview":false,"database":"<REDACTED>"},"durationMs":170,"durationSeconds":0.17,"durationMinutes":0.0028333333333333335}}.
---
