
--- 2026-05-18T17:01:20.879Z debug
🪵  Writing logs to "/Users/kimryan/Desktop/megas/.tmp/wrangler-logs/wrangler-2026-05-18_17-01-20_839.log"
---

--- 2026-05-18T17:01:20.879Z debug
Metrics dispatcher: Dispatching disabled - would have sent {"deviceId":"c8397d8f-15b6-4383-ac87-c9f1f1083fc4","event":"wrangler command started","timestamp":1779123680879,"properties":{"amplitude_session_id":1779123680878,"amplitude_event_id":0,"wranglerVersion":"4.0.0","osPlatform":"Mac OS","osVersion":"Darwin Kernel Version 22.6.0: Sun Dec 17 22:14:25 PST 2023; root:xnu-8796.141.3.703.2~2/RELEASE_ARM64_T8112","nodeVersion":24,"packageManager":"npm","isFirstUsage":false,"configFileType":"toml","isCI":false,"isPagesCI":false,"isWorkersCI":false,"isInteractive":false,"hasAssets":false,"argsUsed":["command","remote"],"argsCombination":"command, remote","command":"wrangler d1 execute","args":{"remote":true,"command":"<REDACTED>","xJsonConfig":true,"j":true,"json":false,"preview":false,"database":"<REDACTED>"}}}.
---

--- 2026-05-18T17:01:20.880Z debug
.env file not found at ".env". Continuing... For more details, refer to https://developers.cloudflare.com/workers/wrangler/system-environment-variables/
---

--- 2026-05-18T17:01:20.884Z log

 ⛅️ wrangler 4.0.0 (update available 4.92.0)
--------------------------------------------

---

--- 2026-05-18T17:01:20.886Z debug
No experimental flag store instantiated
---

--- 2026-05-18T17:01:20.886Z debug
Attempted to use flag "RESOURCES_PROVISION" which has not been instantiated
---

--- 2026-05-18T17:01:20.886Z debug
No experimental flag store instantiated
---

--- 2026-05-18T17:01:20.886Z debug
Attempted to use flag "RESOURCES_PROVISION" which has not been instantiated
---

--- 2026-05-18T17:01:20.887Z debug
Saving to cache: {"account":{"id":"923201050a960d4c64fb9b90a88cb956","name":""}}
---

--- 2026-05-18T17:01:20.888Z log
🌀 Executing on remote database megashorts-db (52d25396-2a61-42a8-904f-2d7956cede44):
---

--- 2026-05-18T17:01:20.888Z log
🌀 To execute on your local development database, remove the --remote flag from your wrangler command.
---

--- 2026-05-18T17:01:20.888Z debug
-- START CF API REQUEST: POST https://api.cloudflare.com/client/v4/accounts/923201050a960d4c64fb9b90a88cb956/d1/database/52d25396-2a61-42a8-904f-2d7956cede44/query
---

--- 2026-05-18T17:01:20.888Z debug
HEADERS: omitted; set WRANGLER_LOG_SANITIZE=false to include sanitized data
---

--- 2026-05-18T17:01:20.888Z debug
INIT: omitted; set WRANGLER_LOG_SANITIZE=false to include sanitized data
---

--- 2026-05-18T17:01:20.888Z debug
-- END CF API REQUEST
---

--- 2026-05-18T17:01:21.063Z debug
-- START CF API RESPONSE: OK 200
---

--- 2026-05-18T17:01:21.063Z debug
HEADERS: omitted; set WRANGLER_LOG_SANITIZE=false to include sanitized data
---

--- 2026-05-18T17:01:21.063Z debug
RESPONSE: omitted; set WRANGLER_LOG_SANITIZE=false to include sanitized data
---

--- 2026-05-18T17:01:21.063Z debug
-- END CF API RESPONSE
---

--- 2026-05-18T17:01:21.064Z log
🚣 Executed 2 commands in 0.4214ms
---

--- 2026-05-18T17:01:21.065Z log
[
  {
    "results": [
      {
        "cid": 0,
        "name": "user_id",
        "type": "TEXT",
        "notnull": 1,
        "dflt_value": null,
        "pk": 0
      },
      {
        "cid": 1,
        "name": "username",
        "type": "TEXT",
        "notnull": 1,
        "dflt_value": null,
        "pk": 0
      },
      {
        "cid": 2,
        "name": "master_id",
        "type": "TEXT",
        "notnull": 1,
        "dflt_value": null,
        "pk": 0
      },
      {
        "cid": 3,
        "name": "master_username",
        "type": "TEXT",
        "notnull": 0,
        "dflt_value": null,
        "pk": 0
      },
      {
        "cid": 4,
        "name": "level",
        "type": "INTEGER",
        "notnull": 0,
        "dflt_value": "0",
        "pk": 0
      },
      {
        "cid": 5,
        "name": "upline_depth",
        "type": "INTEGER",
        "notnull": 0,
        "dflt_value": "0",
        "pk": 0
      },
      {
        "cid": 6,
        "name": "upline_chain",
        "type": "TEXT",
        "notnull": 1,
        "dflt_value": null,
        "pk": 0
      },
      {
        "cid": 7,
        "name": "downline_users",
        "type": "TEXT",
        "notnull": 1,
        "dflt_value": null,
        "pk": 0
      },
      {
        "cid": 8,
        "name": "downline_member_count",
        "type": "INTEGER",
        "notnull": 0,
        "dflt_value": "0",
        "pk": 0
      },
      {
        "cid": 9,
        "name": "direct_views",
        "type": "INTEGER",
        "notnull": 0,
        "dflt_value": "0",
        "pk": 0
      },
      {
        "cid": 10,
        "name": "total_downline_views",
        "type": "INTEGER",
        "notnull": 0,
        "dflt_value": "0",
        "pk": 0
      },
      {
        "cid": 11,
        "name": "updated_at",
        "type": "TEXT",
        "notnull": 1,
        "dflt_value": null,
        "pk": 0
      },
      {
        "cid": 12,
        "name": "created_at",
        "type": "TEXT",
        "notnull": 1,
        "dflt_value": null,
        "pk": 0
      },
      {
        "cid": 13,
        "name": "get_downline_point",
        "type": "REAL",
        "notnull": 0,
        "dflt_value": "0",
        "pk": 0
      },
      {
        "cid": 14,
        "name": "get_direct_point",
        "type": "REAL",
        "notnull": 0,
        "dflt_value": "0",
        "pk": 0
      }
    ],
    "success": true,
    "meta": {
      "served_by": "v3-prod",
      "served_by_region": "APAC",
      "served_by_colo": "HKG",
      "served_by_primary": true,
      "timings": {
        "sql_duration_ms": 0.2674
      },
      "duration": 0.2674,
      "changes": 0,
      "last_row_id": 0,
      "changed_db": false,
      "size_after": 278528,
      "rows_read": 0,
      "rows_written": 0,
      "total_attempts": 1
    }
  },
  {
    "results": [
      {
        "cid": 0,
        "name": "id",
        "type": "TEXT",
        "notnull": 0,
        "dflt_value": null,
        "pk": 1
      },
      {
        "cid": 1,
        "name": "date",
        "type": "TEXT",
        "notnull": 1,
        "dflt_value": null,
        "pk": 0
      },
      {
        "cid": 2,
        "name": "uploader_id",
        "type": "TEXT",
        "notnull": 1,
        "dflt_value": null,
        "pk": 0
      },
      {
        "cid": 3,
        "name": "post_id",
        "type": "TEXT",
        "notnull": 1,
        "dflt_value": null,
        "pk": 0
      },
      {
        "cid": 4,
        "name": "master_id",
        "type": "TEXT",
        "notnull": 0,
        "dflt_value": null,
        "pk": 0
      },
      {
        "cid": 5,
        "name": "referrer_id",
        "type": "TEXT",
        "notnull": 0,
        "dflt_value": null,
        "pk": 0
      },
      {
        "cid": 6,
        "name": "coin_view_count",
        "type": "INTEGER",
        "notnull": 1,
        "dflt_value": "0",
        "pk": 0
      },
      {
        "cid": 7,
        "name": "subscription_view_count",
        "type": "INTEGER",
        "notnull": 1,
        "dflt_value": "0",
        "pk": 0
      },
      {
        "cid": 8,
        "name": "created_at",
        "type": "TEXT",
        "notnull": 1,
        "dflt_value": null,
        "pk": 0
      }
    ],
    "success": true,
    "meta": {
      "served_by": "v3-prod",
      "served_by_region": "APAC",
      "served_by_colo": "HKG",
      "served_by_primary": true,
      "timings": {
        "sql_duration_ms": 0.154
      },
      "duration": 0.154,
      "changes": 0,
      "last_row_id": 0,
      "changed_db": false,
      "size_after": 278528,
      "rows_read": 0,
      "rows_written": 0,
      "total_attempts": 1
    }
  }
]
---

--- 2026-05-18T17:01:21.065Z debug
Metrics dispatcher: Dispatching disabled - would have sent {"deviceId":"c8397d8f-15b6-4383-ac87-c9f1f1083fc4","event":"wrangler command completed","timestamp":1779123681065,"properties":{"amplitude_session_id":1779123680878,"amplitude_event_id":1,"wranglerVersion":"4.0.0","osPlatform":"Mac OS","osVersion":"Darwin Kernel Version 22.6.0: Sun Dec 17 22:14:25 PST 2023; root:xnu-8796.141.3.703.2~2/RELEASE_ARM64_T8112","nodeVersion":24,"packageManager":"npm","isFirstUsage":false,"configFileType":"toml","isCI":false,"isPagesCI":false,"isWorkersCI":false,"isInteractive":false,"hasAssets":false,"argsUsed":["command","remote"],"argsCombination":"command, remote","command":"wrangler d1 execute","args":{"remote":true,"command":"<REDACTED>","xJsonConfig":true,"j":true,"json":false,"preview":false,"database":"<REDACTED>"},"durationMs":194,"durationSeconds":0.194,"durationMinutes":0.0032333333333333333}}.
---
