
--- 2026-05-18T16:47:50.039Z debug
🪵  Writing logs to "/Users/kimryan/Desktop/megas/.tmp/wrangler-logs/wrangler-2026-05-18_16-47-50_002.log"
---

--- 2026-05-18T16:47:50.039Z debug
Metrics dispatcher: Dispatching disabled - would have sent {"deviceId":"c8397d8f-15b6-4383-ac87-c9f1f1083fc4","event":"wrangler command started","timestamp":1779122870039,"properties":{"amplitude_session_id":1779122870038,"amplitude_event_id":0,"wranglerVersion":"4.0.0","osPlatform":"Mac OS","osVersion":"Darwin Kernel Version 22.6.0: Sun Dec 17 22:14:25 PST 2023; root:xnu-8796.141.3.703.2~2/RELEASE_ARM64_T8112","nodeVersion":24,"packageManager":"npm","isFirstUsage":false,"configFileType":"toml","isCI":false,"isPagesCI":false,"isWorkersCI":false,"isInteractive":false,"hasAssets":false,"argsUsed":["c","config"],"argsCombination":"c, config","command":"wrangler deploy","args":{"config":"<REDACTED>","c":"<REDACTED>","xJsonConfig":true,"j":true,"noBundle":false,"latest":false,"keepVars":false,"xAutoCreate":true}}}.
---

--- 2026-05-18T16:47:50.040Z debug
.env file not found at ".env". Continuing... For more details, refer to https://developers.cloudflare.com/workers/wrangler/system-environment-variables/
---

--- 2026-05-18T16:47:50.045Z log

 ⛅️ wrangler 4.0.0 (update available 4.92.0)
--------------------------------------------

---

--- 2026-05-18T16:47:50.060Z debug
Saving to cache: {"account":{"id":"923201050a960d4c64fb9b90a88cb956","name":""}}
---

--- 2026-05-18T16:47:50.061Z debug
Starting verifyWorkerMatchesCITag() with tag: undefined, name: commission-worker
---

--- 2026-05-18T16:47:50.061Z debug
No WRANGLER_CI_MATCH_TAG variable provided, aborting verifyWorkerMatchesCITag()
---

--- 2026-05-18T16:47:50.061Z debug
-- START CF API REQUEST: GET https://api.cloudflare.com/client/v4/accounts/923201050a960d4c64fb9b90a88cb956/workers/services/commission-worker
---

--- 2026-05-18T16:47:50.061Z debug
HEADERS: omitted; set WRANGLER_LOG_SANITIZE=false to include sanitized data
---

--- 2026-05-18T16:47:50.061Z debug
INIT: omitted; set WRANGLER_LOG_SANITIZE=false to include sanitized data
---

--- 2026-05-18T16:47:50.061Z debug
-- END CF API REQUEST
---

--- 2026-05-18T16:47:50.358Z debug
-- START CF API RESPONSE: OK 200
---

--- 2026-05-18T16:47:50.358Z debug
HEADERS: omitted; set WRANGLER_LOG_SANITIZE=false to include sanitized data
---

--- 2026-05-18T16:47:50.358Z debug
RESPONSE: omitted; set WRANGLER_LOG_SANITIZE=false to include sanitized data
---

--- 2026-05-18T16:47:50.358Z debug
-- END CF API RESPONSE
---

--- 2026-05-18T16:47:50.360Z debug
-- START CF API REQUEST: GET https://api.cloudflare.com/client/v4/accounts/923201050a960d4c64fb9b90a88cb956/workers/scripts/commission-worker/deployments
---

--- 2026-05-18T16:47:50.360Z debug
HEADERS: omitted; set WRANGLER_LOG_SANITIZE=false to include sanitized data
---

--- 2026-05-18T16:47:50.360Z debug
INIT: omitted; set WRANGLER_LOG_SANITIZE=false to include sanitized data
---

--- 2026-05-18T16:47:50.360Z debug
-- END CF API REQUEST
---

--- 2026-05-18T16:47:50.592Z debug
-- START CF API RESPONSE: OK 200
---

--- 2026-05-18T16:47:50.592Z debug
HEADERS: omitted; set WRANGLER_LOG_SANITIZE=false to include sanitized data
---

--- 2026-05-18T16:47:50.593Z debug
RESPONSE: omitted; set WRANGLER_LOG_SANITIZE=false to include sanitized data
---

--- 2026-05-18T16:47:50.593Z debug
-- END CF API RESPONSE
---

--- 2026-05-18T16:47:50.691Z log
Total Upload: 557.98 KiB / gzip: 107.29 KiB
---

--- 2026-05-18T16:47:50.715Z debug
Saving to cache: {"account":{"id":"923201050a960d4c64fb9b90a88cb956","name":""}}
---

--- 2026-05-18T16:47:50.716Z debug
-- START CF API REQUEST: GET https://api.cloudflare.com/client/v4/accounts/923201050a960d4c64fb9b90a88cb956/queues?name=commission-queue&name=commission-queue&page=1
---

--- 2026-05-18T16:47:50.716Z debug
HEADERS: omitted; set WRANGLER_LOG_SANITIZE=false to include sanitized data
---

--- 2026-05-18T16:47:50.716Z debug
INIT: omitted; set WRANGLER_LOG_SANITIZE=false to include sanitized data
---

--- 2026-05-18T16:47:50.716Z debug
-- END CF API REQUEST
---

--- 2026-05-18T16:47:51.000Z debug
-- START CF API RESPONSE: OK 200
---

--- 2026-05-18T16:47:51.001Z debug
HEADERS: omitted; set WRANGLER_LOG_SANITIZE=false to include sanitized data
---

--- 2026-05-18T16:47:51.001Z debug
RESPONSE: omitted; set WRANGLER_LOG_SANITIZE=false to include sanitized data
---

--- 2026-05-18T16:47:51.001Z debug
-- END CF API RESPONSE
---

--- 2026-05-18T16:47:51.002Z debug
-- START CF API REQUEST: POST https://api.cloudflare.com/client/v4/accounts/923201050a960d4c64fb9b90a88cb956/workers/scripts/commission-worker/versions
---

--- 2026-05-18T16:47:51.002Z debug
HEADERS: omitted; set WRANGLER_LOG_SANITIZE=false to include sanitized data
---

--- 2026-05-18T16:47:51.002Z debug
INIT: omitted; set WRANGLER_LOG_SANITIZE=false to include sanitized data
---

--- 2026-05-18T16:47:51.006Z debug
BODY: omitted; set WRANGLER_LOG_SANITIZE=false to include sanitized data
---

--- 2026-05-18T16:47:51.006Z debug
-- END CF API REQUEST
---

--- 2026-05-18T16:47:52.987Z debug
-- START CF API RESPONSE: OK 200
---

--- 2026-05-18T16:47:52.988Z debug
HEADERS: omitted; set WRANGLER_LOG_SANITIZE=false to include sanitized data
---

--- 2026-05-18T16:47:52.988Z debug
RESPONSE: omitted; set WRANGLER_LOG_SANITIZE=false to include sanitized data
---

--- 2026-05-18T16:47:52.988Z debug
-- END CF API RESPONSE
---

--- 2026-05-18T16:47:52.989Z debug
-- START CF API REQUEST: POST https://api.cloudflare.com/client/v4/accounts/923201050a960d4c64fb9b90a88cb956/workers/scripts/commission-worker/deployments
---

--- 2026-05-18T16:47:52.989Z debug
HEADERS: omitted; set WRANGLER_LOG_SANITIZE=false to include sanitized data
---

--- 2026-05-18T16:47:52.989Z debug
INIT: omitted; set WRANGLER_LOG_SANITIZE=false to include sanitized data
---

--- 2026-05-18T16:47:52.989Z debug
-- END CF API REQUEST
---

--- 2026-05-18T16:47:54.212Z debug
-- START CF API RESPONSE: OK 200
---

--- 2026-05-18T16:47:54.213Z debug
HEADERS: omitted; set WRANGLER_LOG_SANITIZE=false to include sanitized data
---

--- 2026-05-18T16:47:54.213Z debug
RESPONSE: omitted; set WRANGLER_LOG_SANITIZE=false to include sanitized data
---

--- 2026-05-18T16:47:54.213Z debug
-- END CF API RESPONSE
---

--- 2026-05-18T16:47:54.213Z debug
-- START CF API REQUEST: PATCH https://api.cloudflare.com/client/v4/accounts/923201050a960d4c64fb9b90a88cb956/workers/scripts/commission-worker/script-settings
---

--- 2026-05-18T16:47:54.213Z debug
HEADERS: omitted; set WRANGLER_LOG_SANITIZE=false to include sanitized data
---

--- 2026-05-18T16:47:54.213Z debug
INIT: omitted; set WRANGLER_LOG_SANITIZE=false to include sanitized data
---

--- 2026-05-18T16:47:54.213Z debug
-- END CF API REQUEST
---

--- 2026-05-18T16:47:54.818Z debug
-- START CF API RESPONSE: OK 200
---

--- 2026-05-18T16:47:54.819Z debug
HEADERS: omitted; set WRANGLER_LOG_SANITIZE=false to include sanitized data
---

--- 2026-05-18T16:47:54.819Z debug
RESPONSE: omitted; set WRANGLER_LOG_SANITIZE=false to include sanitized data
---

--- 2026-05-18T16:47:54.819Z debug
-- END CF API RESPONSE
---

--- 2026-05-18T16:47:54.819Z log
Worker Startup Time: 3 ms
---

--- 2026-05-18T16:47:54.820Z log
Your worker has access to the following bindings:
- Queues:
  - COMMISSION_QUEUE: commission-queue
- D1 Databases:
  - DB: megashorts-db (52d25396-2a61-42a8-904f-2d7956cede44)
- R2 Buckets:
  - POINTS_BUCKET: points-system-bucket
  - LOGS_BUCKET: logs-bucket
- Services:
  - CFSTATSADMIN_WORKER: cfstats-admin
- Vars:
  - SUPABASE_URL: "https://bpvmstecehkyztiflxqr.supabase..."
---

--- 2026-05-18T16:47:54.821Z log
Uploaded commission-worker (4.46 sec)
---

--- 2026-05-18T16:47:54.821Z debug
-- START CF API REQUEST: GET https://api.cloudflare.com/client/v4/accounts/923201050a960d4c64fb9b90a88cb956/workers/scripts/commission-worker/subdomain
---

--- 2026-05-18T16:47:54.821Z debug
HEADERS: omitted; set WRANGLER_LOG_SANITIZE=false to include sanitized data
---

--- 2026-05-18T16:47:54.821Z debug
INIT: omitted; set WRANGLER_LOG_SANITIZE=false to include sanitized data
---

--- 2026-05-18T16:47:54.821Z debug
-- END CF API REQUEST
---

--- 2026-05-18T16:47:55.235Z debug
-- START CF API RESPONSE: OK 200
---

--- 2026-05-18T16:47:55.235Z debug
HEADERS: omitted; set WRANGLER_LOG_SANITIZE=false to include sanitized data
---

--- 2026-05-18T16:47:55.235Z debug
RESPONSE: omitted; set WRANGLER_LOG_SANITIZE=false to include sanitized data
---

--- 2026-05-18T16:47:55.235Z debug
-- END CF API RESPONSE
---

--- 2026-05-18T16:47:55.236Z debug
Saving to cache: {"account":{"id":"923201050a960d4c64fb9b90a88cb956","name":""}}
---

--- 2026-05-18T16:47:55.237Z debug
-- START CF API REQUEST: GET https://api.cloudflare.com/client/v4/accounts/923201050a960d4c64fb9b90a88cb956/queues?name=commission-queue&name=commission-queue&page=1
---

--- 2026-05-18T16:47:55.237Z debug
HEADERS: omitted; set WRANGLER_LOG_SANITIZE=false to include sanitized data
---

--- 2026-05-18T16:47:55.237Z debug
INIT: omitted; set WRANGLER_LOG_SANITIZE=false to include sanitized data
---

--- 2026-05-18T16:47:55.237Z debug
-- END CF API REQUEST
---

--- 2026-05-18T16:47:55.539Z debug
-- START CF API RESPONSE: OK 200
---

--- 2026-05-18T16:47:55.540Z debug
HEADERS: omitted; set WRANGLER_LOG_SANITIZE=false to include sanitized data
---

--- 2026-05-18T16:47:55.540Z debug
RESPONSE: omitted; set WRANGLER_LOG_SANITIZE=false to include sanitized data
---

--- 2026-05-18T16:47:55.540Z debug
-- END CF API RESPONSE
---

--- 2026-05-18T16:47:55.540Z debug
-- START CF API REQUEST: GET https://api.cloudflare.com/client/v4/accounts/923201050a960d4c64fb9b90a88cb956/workers/subdomain
---

--- 2026-05-18T16:47:55.540Z debug
HEADERS: omitted; set WRANGLER_LOG_SANITIZE=false to include sanitized data
---

--- 2026-05-18T16:47:55.540Z debug
INIT: omitted; set WRANGLER_LOG_SANITIZE=false to include sanitized data
---

--- 2026-05-18T16:47:55.540Z debug
-- END CF API REQUEST
---

--- 2026-05-18T16:47:55.850Z debug
-- START CF API RESPONSE: OK 200
---

--- 2026-05-18T16:47:55.850Z debug
HEADERS: omitted; set WRANGLER_LOG_SANITIZE=false to include sanitized data
---

--- 2026-05-18T16:47:55.850Z debug
RESPONSE: omitted; set WRANGLER_LOG_SANITIZE=false to include sanitized data
---

--- 2026-05-18T16:47:55.850Z debug
-- END CF API RESPONSE
---

--- 2026-05-18T16:47:55.851Z debug
Saving to cache: {"account":{"id":"923201050a960d4c64fb9b90a88cb956","name":""}}
---

--- 2026-05-18T16:47:55.852Z debug
Saving to cache: {"account":{"id":"923201050a960d4c64fb9b90a88cb956","name":""}}
---

--- 2026-05-18T16:47:55.852Z debug
-- START CF API REQUEST: GET https://api.cloudflare.com/client/v4/accounts/923201050a960d4c64fb9b90a88cb956/queues?page=1&name=commission-queue
---

--- 2026-05-18T16:47:55.852Z debug
HEADERS: omitted; set WRANGLER_LOG_SANITIZE=false to include sanitized data
---

--- 2026-05-18T16:47:55.852Z debug
INIT: omitted; set WRANGLER_LOG_SANITIZE=false to include sanitized data
---

--- 2026-05-18T16:47:55.852Z debug
-- END CF API REQUEST
---

--- 2026-05-18T16:47:55.853Z debug
-- START CF API REQUEST: GET https://api.cloudflare.com/client/v4/accounts/923201050a960d4c64fb9b90a88cb956/queues?page=1&name=commission-queue
---

--- 2026-05-18T16:47:55.853Z debug
HEADERS: omitted; set WRANGLER_LOG_SANITIZE=false to include sanitized data
---

--- 2026-05-18T16:47:55.853Z debug
INIT: omitted; set WRANGLER_LOG_SANITIZE=false to include sanitized data
---

--- 2026-05-18T16:47:55.853Z debug
-- END CF API REQUEST
---

--- 2026-05-18T16:47:56.122Z debug
-- START CF API RESPONSE: OK 200
---

--- 2026-05-18T16:47:56.122Z debug
HEADERS: omitted; set WRANGLER_LOG_SANITIZE=false to include sanitized data
---

--- 2026-05-18T16:47:56.122Z debug
RESPONSE: omitted; set WRANGLER_LOG_SANITIZE=false to include sanitized data
---

--- 2026-05-18T16:47:56.122Z debug
-- END CF API RESPONSE
---

--- 2026-05-18T16:47:56.123Z debug
Saving to cache: {"account":{"id":"923201050a960d4c64fb9b90a88cb956","name":""}}
---

--- 2026-05-18T16:47:56.123Z debug
-- START CF API REQUEST: PUT https://api.cloudflare.com/client/v4/accounts/923201050a960d4c64fb9b90a88cb956/queues/7f8e1d1ea33a4e88bbfa3e09f99ef9f6
---

--- 2026-05-18T16:47:56.123Z debug
HEADERS: omitted; set WRANGLER_LOG_SANITIZE=false to include sanitized data
---

--- 2026-05-18T16:47:56.123Z debug
INIT: omitted; set WRANGLER_LOG_SANITIZE=false to include sanitized data
---

--- 2026-05-18T16:47:56.123Z debug
-- END CF API REQUEST
---

--- 2026-05-18T16:47:56.164Z debug
-- START CF API RESPONSE: OK 200
---

--- 2026-05-18T16:47:56.164Z debug
HEADERS: omitted; set WRANGLER_LOG_SANITIZE=false to include sanitized data
---

--- 2026-05-18T16:47:56.164Z debug
RESPONSE: omitted; set WRANGLER_LOG_SANITIZE=false to include sanitized data
---

--- 2026-05-18T16:47:56.164Z debug
-- END CF API RESPONSE
---

--- 2026-05-18T16:47:56.165Z debug
Saving to cache: {"account":{"id":"923201050a960d4c64fb9b90a88cb956","name":""}}
---

--- 2026-05-18T16:47:56.165Z debug
-- START CF API REQUEST: GET https://api.cloudflare.com/client/v4/accounts/923201050a960d4c64fb9b90a88cb956/queues?page=1&name=commission-queue
---

--- 2026-05-18T16:47:56.165Z debug
HEADERS: omitted; set WRANGLER_LOG_SANITIZE=false to include sanitized data
---

--- 2026-05-18T16:47:56.165Z debug
INIT: omitted; set WRANGLER_LOG_SANITIZE=false to include sanitized data
---

--- 2026-05-18T16:47:56.165Z debug
-- END CF API REQUEST
---

--- 2026-05-18T16:47:56.447Z debug
-- START CF API RESPONSE: OK 200
---

--- 2026-05-18T16:47:56.447Z debug
HEADERS: omitted; set WRANGLER_LOG_SANITIZE=false to include sanitized data
---

--- 2026-05-18T16:47:56.447Z debug
RESPONSE: omitted; set WRANGLER_LOG_SANITIZE=false to include sanitized data
---

--- 2026-05-18T16:47:56.447Z debug
-- END CF API RESPONSE
---

--- 2026-05-18T16:47:56.448Z debug
Saving to cache: {"account":{"id":"923201050a960d4c64fb9b90a88cb956","name":""}}
---

--- 2026-05-18T16:47:56.448Z debug
-- START CF API REQUEST: PUT https://api.cloudflare.com/client/v4/accounts/923201050a960d4c64fb9b90a88cb956/queues/7f8e1d1ea33a4e88bbfa3e09f99ef9f6/consumers/034f50bc14aa40ec95c965cd2380a05e
---

--- 2026-05-18T16:47:56.448Z debug
HEADERS: omitted; set WRANGLER_LOG_SANITIZE=false to include sanitized data
---

--- 2026-05-18T16:47:56.448Z debug
INIT: omitted; set WRANGLER_LOG_SANITIZE=false to include sanitized data
---

--- 2026-05-18T16:47:56.448Z debug
-- END CF API REQUEST
---

--- 2026-05-18T16:47:56.642Z debug
-- START CF API RESPONSE: OK 200
---

--- 2026-05-18T16:47:56.642Z debug
HEADERS: omitted; set WRANGLER_LOG_SANITIZE=false to include sanitized data
---

--- 2026-05-18T16:47:56.642Z debug
RESPONSE: omitted; set WRANGLER_LOG_SANITIZE=false to include sanitized data
---

--- 2026-05-18T16:47:56.642Z debug
-- END CF API RESPONSE
---

--- 2026-05-18T16:47:56.879Z debug
-- START CF API RESPONSE: OK 200
---

--- 2026-05-18T16:47:56.879Z debug
HEADERS: omitted; set WRANGLER_LOG_SANITIZE=false to include sanitized data
---

--- 2026-05-18T16:47:56.879Z debug
RESPONSE: omitted; set WRANGLER_LOG_SANITIZE=false to include sanitized data
---

--- 2026-05-18T16:47:56.879Z debug
-- END CF API RESPONSE
---

--- 2026-05-18T16:47:56.879Z log
Deployed commission-worker triggers (1.34 sec)
---

--- 2026-05-18T16:47:56.879Z log
  https://commission-worker.msdevcm.workers.dev
---

--- 2026-05-18T16:47:56.879Z log
  Producer for commission-queue
---

--- 2026-05-18T16:47:56.879Z log
  Consumer for commission-queue
---

--- 2026-05-18T16:47:56.879Z log
Current Version ID: d824c596-2809-4726-a014-2a18c8320068
---

--- 2026-05-18T16:47:56.881Z debug
Metrics dispatcher: Dispatching disabled - would have sent {"deviceId":"c8397d8f-15b6-4383-ac87-c9f1f1083fc4","event":"deploy worker script","timestamp":1779122876881,"properties":{"category":"Workers","wranglerVersion":"4.0.0","os":"darwin:arm64","usesTypeScript":true,"durationMs":6819}}.
---

--- 2026-05-18T16:47:56.882Z debug
Metrics dispatcher: Dispatching disabled - would have sent {"deviceId":"c8397d8f-15b6-4383-ac87-c9f1f1083fc4","event":"wrangler command completed","timestamp":1779122876882,"properties":{"amplitude_session_id":1779122870038,"amplitude_event_id":1,"wranglerVersion":"4.0.0","osPlatform":"Mac OS","osVersion":"Darwin Kernel Version 22.6.0: Sun Dec 17 22:14:25 PST 2023; root:xnu-8796.141.3.703.2~2/RELEASE_ARM64_T8112","nodeVersion":24,"packageManager":"npm","isFirstUsage":false,"configFileType":"toml","isCI":false,"isPagesCI":false,"isWorkersCI":false,"isInteractive":false,"hasAssets":false,"argsUsed":["c","config"],"argsCombination":"c, config","command":"wrangler deploy","args":{"config":"<REDACTED>","c":"<REDACTED>","xJsonConfig":true,"j":true,"noBundle":false,"latest":false,"keepVars":false,"xAutoCreate":true},"durationMs":6851,"durationSeconds":6.851,"durationMinutes":0.11418333333333333}}.
---
