
--- 2026-05-18T16:41:18.585Z debug
🪵  Writing logs to "/Users/kimryan/Desktop/megas/.tmp/wrangler-logs/wrangler-2026-05-18_16-41-18_520.log"
---

--- 2026-05-18T16:41:18.585Z debug
Metrics dispatcher: Dispatching disabled - would have sent {"deviceId":"c8397d8f-15b6-4383-ac87-c9f1f1083fc4","event":"wrangler command started","timestamp":1779122478585,"properties":{"amplitude_session_id":1779122478584,"amplitude_event_id":0,"wranglerVersion":"4.0.0","osPlatform":"Mac OS","osVersion":"Darwin Kernel Version 22.6.0: Sun Dec 17 22:14:25 PST 2023; root:xnu-8796.141.3.703.2~2/RELEASE_ARM64_T8112","nodeVersion":24,"packageManager":"npm","isFirstUsage":false,"configFileType":"toml","isCI":false,"isPagesCI":false,"isWorkersCI":false,"isInteractive":false,"hasAssets":false,"argsUsed":["c","config"],"argsCombination":"c, config","command":"wrangler secret put","args":{"config":"<REDACTED>","c":"<REDACTED>","xJsonConfig":true,"j":true,"key":"<REDACTED>"}}}.
---

--- 2026-05-18T16:41:18.586Z debug
.env file not found at ".env". Continuing... For more details, refer to https://developers.cloudflare.com/workers/wrangler/system-environment-variables/
---

--- 2026-05-18T16:41:24.796Z log

 ⛅️ wrangler 4.0.0 (update available 4.92.0)
--------------------------------------------

---

--- 2026-05-18T16:41:24.803Z debug
Checking if domain has Access enabled: dash.cloudflare.com
---

--- 2026-05-18T16:41:24.803Z debug
Access switch not cached for: dash.cloudflare.com
---

--- 2026-05-18T16:41:24.850Z debug
Caching access switch for: dash.cloudflare.com
---

--- 2026-05-18T16:41:25.588Z log
🌀 Creating the secret for the Worker "megashorts-logs" 
---

--- 2026-05-18T16:41:25.589Z debug
-- START CF API REQUEST: PUT https://api.cloudflare.com/client/v4/accounts/923201050a960d4c64fb9b90a88cb956/workers/scripts/megashorts-logs/secrets
---

--- 2026-05-18T16:41:25.589Z debug
HEADERS: omitted; set WRANGLER_LOG_SANITIZE=false to include sanitized data
---

--- 2026-05-18T16:41:25.589Z debug
INIT: omitted; set WRANGLER_LOG_SANITIZE=false to include sanitized data
---

--- 2026-05-18T16:41:25.589Z debug
-- END CF API REQUEST
---

--- 2026-05-18T16:41:25.957Z debug
-- START CF API RESPONSE: Forbidden 403
---

--- 2026-05-18T16:41:25.958Z debug
HEADERS: omitted; set WRANGLER_LOG_SANITIZE=false to include sanitized data
---

--- 2026-05-18T16:41:25.958Z debug
RESPONSE: omitted; set WRANGLER_LOG_SANITIZE=false to include sanitized data
---

--- 2026-05-18T16:41:25.958Z debug
-- END CF API RESPONSE
---

--- 2026-05-18T16:41:25.961Z log

---

--- 2026-05-18T16:41:26.063Z log
[31m✘ [41;31m[[41;97mERROR[41;31m][0m [1mA request to the Cloudflare API (/accounts/923201050a960d4c64fb9b90a88cb956/workers/scripts/megashorts-logs/secrets) failed.[0m

  Authentication error [code: 10000]


---

--- 2026-05-18T16:41:26.063Z log
Getting User settings...
---

--- 2026-05-18T16:41:26.063Z debug
-- START CF API REQUEST: GET https://api.cloudflare.com/client/v4/user
---

--- 2026-05-18T16:41:26.063Z debug
HEADERS: omitted; set WRANGLER_LOG_SANITIZE=false to include sanitized data
---

--- 2026-05-18T16:41:26.063Z debug
INIT: omitted; set WRANGLER_LOG_SANITIZE=false to include sanitized data
---

--- 2026-05-18T16:41:26.063Z debug
-- END CF API REQUEST
---

--- 2026-05-18T16:41:26.359Z debug
-- START CF API RESPONSE: OK 200
---

--- 2026-05-18T16:41:26.359Z debug
HEADERS: omitted; set WRANGLER_LOG_SANITIZE=false to include sanitized data
---

--- 2026-05-18T16:41:26.359Z debug
RESPONSE: omitted; set WRANGLER_LOG_SANITIZE=false to include sanitized data
---

--- 2026-05-18T16:41:26.359Z debug
-- END CF API RESPONSE
---

--- 2026-05-18T16:41:26.360Z debug
-- START CF API REQUEST: GET https://api.cloudflare.com/client/v4/accounts?page=1
---

--- 2026-05-18T16:41:26.360Z debug
HEADERS: omitted; set WRANGLER_LOG_SANITIZE=false to include sanitized data
---

--- 2026-05-18T16:41:26.360Z debug
INIT: omitted; set WRANGLER_LOG_SANITIZE=false to include sanitized data
---

--- 2026-05-18T16:41:26.360Z debug
-- END CF API REQUEST
---

--- 2026-05-18T16:41:26.729Z debug
-- START CF API RESPONSE: OK 200
---

--- 2026-05-18T16:41:26.729Z debug
HEADERS: omitted; set WRANGLER_LOG_SANITIZE=false to include sanitized data
---

--- 2026-05-18T16:41:26.729Z debug
RESPONSE: omitted; set WRANGLER_LOG_SANITIZE=false to include sanitized data
---

--- 2026-05-18T16:41:26.729Z debug
-- END CF API RESPONSE
---

--- 2026-05-18T16:41:26.730Z log
👋 You are logged in with an OAuth Token, associated with the email mylullove@gmail.com.
---

--- 2026-05-18T16:41:26.733Z log
┌───────────────────────────────┬──────────────────────────────────┐
│ Account Name                  │ Account ID                       │
├───────────────────────────────┼──────────────────────────────────┤
│ Mylullove@gmail.com's Account │ 95bb40d92a2c7251154a8b729f583593 │
└───────────────────────────────┴──────────────────────────────────┘
---

--- 2026-05-18T16:41:26.733Z log
🔓 Token Permissions: If scopes are missing, you may need to logout and re-login.
---

--- 2026-05-18T16:41:26.733Z log
Scope (Access)
---
