
--- 2026-05-18T16:45:23.023Z debug
🪵  Writing logs to "/Users/kimryan/Desktop/megas/.tmp/wrangler-logs/wrangler-2026-05-18_16-45-22_986.log"
---

--- 2026-05-18T16:45:23.023Z debug
Metrics dispatcher: Dispatching disabled - would have sent {"deviceId":"c8397d8f-15b6-4383-ac87-c9f1f1083fc4","event":"wrangler command started","timestamp":1779122723023,"properties":{"amplitude_session_id":1779122723023,"amplitude_event_id":0,"wranglerVersion":"4.0.0","osPlatform":"Mac OS","osVersion":"Darwin Kernel Version 22.6.0: Sun Dec 17 22:14:25 PST 2023; root:xnu-8796.141.3.703.2~2/RELEASE_ARM64_T8112","nodeVersion":24,"packageManager":"npm","isFirstUsage":false,"configFileType":"toml","isCI":false,"isPagesCI":false,"isWorkersCI":false,"isInteractive":false,"hasAssets":false,"argsUsed":["c","config","dryRun"],"argsCombination":"c, config, dryRun","command":"wrangler deploy","args":{"dryRun":true,"config":"<REDACTED>","c":"<REDACTED>","xJsonConfig":true,"j":true,"noBundle":false,"latest":false,"keepVars":false,"xAutoCreate":true}}}.
---

--- 2026-05-18T16:45:23.024Z debug
.env file not found at ".env". Continuing... For more details, refer to https://developers.cloudflare.com/workers/wrangler/system-environment-variables/
---

--- 2026-05-18T16:45:23.029Z log

 ⛅️ wrangler 4.0.0 (update available 4.92.0)
--------------------------------------------

---

--- 2026-05-18T16:45:23.045Z log
Total Upload: 17.41 KiB / gzip: 4.05 KiB
---

--- 2026-05-18T16:45:23.046Z log
Your worker has access to the following bindings:
- R2 Buckets:
  - POINTS_BUCKET: points-system-bucket
- Vars:
  - API_BASE_URL: "https://megashorts.com/api"
  - LOG_WORKER_URL: "https://megashorts-logs.msdevcm.worke..."
---

--- 2026-05-18T16:45:23.047Z log
--dry-run: exiting now.
---

--- 2026-05-18T16:45:23.047Z debug
Metrics dispatcher: Dispatching disabled - would have sent {"deviceId":"c8397d8f-15b6-4383-ac87-c9f1f1083fc4","event":"deploy worker script","timestamp":1779122723047,"properties":{"category":"Workers","wranglerVersion":"4.0.0","os":"darwin:arm64","usesTypeScript":true,"durationMs":9}}.
---

--- 2026-05-18T16:45:23.047Z debug
Metrics dispatcher: Dispatching disabled - would have sent {"deviceId":"c8397d8f-15b6-4383-ac87-c9f1f1083fc4","event":"wrangler command completed","timestamp":1779122723047,"properties":{"amplitude_session_id":1779122723023,"amplitude_event_id":1,"wranglerVersion":"4.0.0","osPlatform":"Mac OS","osVersion":"Darwin Kernel Version 22.6.0: Sun Dec 17 22:14:25 PST 2023; root:xnu-8796.141.3.703.2~2/RELEASE_ARM64_T8112","nodeVersion":24,"packageManager":"npm","isFirstUsage":false,"configFileType":"toml","isCI":false,"isPagesCI":false,"isWorkersCI":false,"isInteractive":false,"hasAssets":false,"argsUsed":["c","config","dryRun"],"argsCombination":"c, config, dryRun","command":"wrangler deploy","args":{"dryRun":true,"config":"<REDACTED>","c":"<REDACTED>","xJsonConfig":true,"j":true,"noBundle":false,"latest":false,"keepVars":false,"xAutoCreate":true},"durationMs":33,"durationSeconds":0.033,"durationMinutes":0.00055}}.
---
