
--- 2026-05-18T16:47:06.478Z debug
🪵  Writing logs to "/Users/kimryan/Desktop/megas/.tmp/wrangler-logs/wrangler-2026-05-18_16-47-06_423.log"
---

--- 2026-05-18T16:47:06.478Z debug
Metrics dispatcher: Dispatching disabled - would have sent {"deviceId":"c8397d8f-15b6-4383-ac87-c9f1f1083fc4","event":"wrangler command started","timestamp":1779122826478,"properties":{"amplitude_session_id":1779122826476,"amplitude_event_id":0,"wranglerVersion":"4.0.0","osPlatform":"Mac OS","osVersion":"Darwin Kernel Version 22.6.0: Sun Dec 17 22:14:25 PST 2023; root:xnu-8796.141.3.703.2~2/RELEASE_ARM64_T8112","nodeVersion":24,"packageManager":"npm","isFirstUsage":false,"configFileType":"toml","isCI":false,"isPagesCI":false,"isWorkersCI":false,"isInteractive":false,"hasAssets":false,"argsUsed":["c","config"],"argsCombination":"c, config","command":"wrangler deploy","args":{"config":"<REDACTED>","c":"<REDACTED>","xJsonConfig":true,"j":true,"noBundle":false,"latest":false,"keepVars":false,"xAutoCreate":true}}}.
---

--- 2026-05-18T16:47:06.479Z debug
.env file not found at ".env". Continuing... For more details, refer to https://developers.cloudflare.com/workers/wrangler/system-environment-variables/
---

--- 2026-05-18T16:47:06.484Z log

 ⛅️ wrangler 4.0.0 (update available 4.92.0)
--------------------------------------------

---

--- 2026-05-18T16:47:06.496Z debug
Saving to cache: {"account":{"id":"923201050a960d4c64fb9b90a88cb956","name":""}}
---

--- 2026-05-18T16:47:06.496Z debug
Starting verifyWorkerMatchesCITag() with tag: undefined, name: megashorts-logs
---

--- 2026-05-18T16:47:06.496Z debug
No WRANGLER_CI_MATCH_TAG variable provided, aborting verifyWorkerMatchesCITag()
---

--- 2026-05-18T16:47:06.497Z debug
-- START CF API REQUEST: GET https://api.cloudflare.com/client/v4/accounts/923201050a960d4c64fb9b90a88cb956/workers/services/megashorts-logs
---

--- 2026-05-18T16:47:06.497Z debug
HEADERS: omitted; set WRANGLER_LOG_SANITIZE=false to include sanitized data
---

--- 2026-05-18T16:47:06.497Z debug
INIT: omitted; set WRANGLER_LOG_SANITIZE=false to include sanitized data
---

--- 2026-05-18T16:47:06.497Z debug
-- END CF API REQUEST
---

--- 2026-05-18T16:47:07.177Z debug
-- START CF API RESPONSE: OK 200
---

--- 2026-05-18T16:47:07.177Z debug
HEADERS: omitted; set WRANGLER_LOG_SANITIZE=false to include sanitized data
---

--- 2026-05-18T16:47:07.177Z debug
RESPONSE: omitted; set WRANGLER_LOG_SANITIZE=false to include sanitized data
---

--- 2026-05-18T16:47:07.177Z debug
-- END CF API RESPONSE
---

--- 2026-05-18T16:47:07.182Z debug
-- START CF API REQUEST: GET https://api.cloudflare.com/client/v4/accounts/923201050a960d4c64fb9b90a88cb956/workers/scripts/megashorts-logs/deployments
---

--- 2026-05-18T16:47:07.183Z debug
HEADERS: omitted; set WRANGLER_LOG_SANITIZE=false to include sanitized data
---

--- 2026-05-18T16:47:07.183Z debug
INIT: omitted; set WRANGLER_LOG_SANITIZE=false to include sanitized data
---

--- 2026-05-18T16:47:07.183Z debug
-- END CF API REQUEST
---

--- 2026-05-18T16:47:07.421Z debug
-- START CF API RESPONSE: OK 200
---

--- 2026-05-18T16:47:07.421Z debug
HEADERS: omitted; set WRANGLER_LOG_SANITIZE=false to include sanitized data
---

--- 2026-05-18T16:47:07.421Z debug
RESPONSE: omitted; set WRANGLER_LOG_SANITIZE=false to include sanitized data
---

--- 2026-05-18T16:47:07.421Z debug
-- END CF API RESPONSE
---

--- 2026-05-18T16:47:07.457Z log
Total Upload: 35.85 KiB / gzip: 8.50 KiB
---

--- 2026-05-18T16:47:07.459Z debug
-- START CF API REQUEST: POST https://api.cloudflare.com/client/v4/accounts/923201050a960d4c64fb9b90a88cb956/workers/scripts/megashorts-logs/versions
---

--- 2026-05-18T16:47:07.459Z debug
HEADERS: omitted; set WRANGLER_LOG_SANITIZE=false to include sanitized data
---

--- 2026-05-18T16:47:07.459Z debug
INIT: omitted; set WRANGLER_LOG_SANITIZE=false to include sanitized data
---

--- 2026-05-18T16:47:07.460Z debug
BODY: omitted; set WRANGLER_LOG_SANITIZE=false to include sanitized data
---

--- 2026-05-18T16:47:07.460Z debug
-- END CF API REQUEST
---

--- 2026-05-18T16:47:09.055Z debug
-- START CF API RESPONSE: OK 200
---

--- 2026-05-18T16:47:09.055Z debug
HEADERS: omitted; set WRANGLER_LOG_SANITIZE=false to include sanitized data
---

--- 2026-05-18T16:47:09.055Z debug
RESPONSE: omitted; set WRANGLER_LOG_SANITIZE=false to include sanitized data
---

--- 2026-05-18T16:47:09.055Z debug
-- END CF API RESPONSE
---

--- 2026-05-18T16:47:09.055Z debug
-- START CF API REQUEST: POST https://api.cloudflare.com/client/v4/accounts/923201050a960d4c64fb9b90a88cb956/workers/scripts/megashorts-logs/deployments
---

--- 2026-05-18T16:47:09.056Z debug
HEADERS: omitted; set WRANGLER_LOG_SANITIZE=false to include sanitized data
---

--- 2026-05-18T16:47:09.056Z debug
INIT: omitted; set WRANGLER_LOG_SANITIZE=false to include sanitized data
---

--- 2026-05-18T16:47:09.056Z debug
-- END CF API REQUEST
---

--- 2026-05-18T16:47:09.720Z debug
-- START CF API RESPONSE: OK 200
---

--- 2026-05-18T16:47:09.720Z debug
HEADERS: omitted; set WRANGLER_LOG_SANITIZE=false to include sanitized data
---

--- 2026-05-18T16:47:09.720Z debug
RESPONSE: omitted; set WRANGLER_LOG_SANITIZE=false to include sanitized data
---

--- 2026-05-18T16:47:09.720Z debug
-- END CF API RESPONSE
---

--- 2026-05-18T16:47:09.721Z debug
-- START CF API REQUEST: PATCH https://api.cloudflare.com/client/v4/accounts/923201050a960d4c64fb9b90a88cb956/workers/scripts/megashorts-logs/script-settings
---

--- 2026-05-18T16:47:09.721Z debug
HEADERS: omitted; set WRANGLER_LOG_SANITIZE=false to include sanitized data
---

--- 2026-05-18T16:47:09.721Z debug
INIT: omitted; set WRANGLER_LOG_SANITIZE=false to include sanitized data
---

--- 2026-05-18T16:47:09.721Z debug
-- END CF API REQUEST
---

--- 2026-05-18T16:47:10.283Z debug
-- START CF API RESPONSE: OK 200
---

--- 2026-05-18T16:47:10.283Z debug
HEADERS: omitted; set WRANGLER_LOG_SANITIZE=false to include sanitized data
---

--- 2026-05-18T16:47:10.283Z debug
RESPONSE: omitted; set WRANGLER_LOG_SANITIZE=false to include sanitized data
---

--- 2026-05-18T16:47:10.283Z debug
-- END CF API RESPONSE
---

--- 2026-05-18T16:47:10.283Z log
Worker Startup Time: 13 ms
---

--- 2026-05-18T16:47:10.285Z log
Your worker has access to the following bindings:
- D1 Databases:
  - DB: megashorts-db (52d25396-2a61-42a8-904f-2d7956cede44)
- R2 Buckets:
  - LOGS_BUCKET: logs-bucket
---

--- 2026-05-18T16:47:10.285Z log
Uploaded megashorts-logs (3.10 sec)
---

--- 2026-05-18T16:47:10.286Z debug
-- START CF API REQUEST: GET https://api.cloudflare.com/client/v4/accounts/923201050a960d4c64fb9b90a88cb956/workers/scripts/megashorts-logs/subdomain
---

--- 2026-05-18T16:47:10.286Z debug
HEADERS: omitted; set WRANGLER_LOG_SANITIZE=false to include sanitized data
---

--- 2026-05-18T16:47:10.286Z debug
INIT: omitted; set WRANGLER_LOG_SANITIZE=false to include sanitized data
---

--- 2026-05-18T16:47:10.286Z debug
-- END CF API REQUEST
---

--- 2026-05-18T16:47:10.511Z debug
-- START CF API RESPONSE: OK 200
---

--- 2026-05-18T16:47:10.511Z debug
HEADERS: omitted; set WRANGLER_LOG_SANITIZE=false to include sanitized data
---

--- 2026-05-18T16:47:10.511Z debug
RESPONSE: omitted; set WRANGLER_LOG_SANITIZE=false to include sanitized data
---

--- 2026-05-18T16:47:10.511Z debug
-- END CF API RESPONSE
---

--- 2026-05-18T16:47:10.512Z debug
-- START CF API REQUEST: GET https://api.cloudflare.com/client/v4/accounts/923201050a960d4c64fb9b90a88cb956/workers/subdomain
---

--- 2026-05-18T16:47:10.512Z debug
HEADERS: omitted; set WRANGLER_LOG_SANITIZE=false to include sanitized data
---

--- 2026-05-18T16:47:10.512Z debug
INIT: omitted; set WRANGLER_LOG_SANITIZE=false to include sanitized data
---

--- 2026-05-18T16:47:10.512Z debug
-- END CF API REQUEST
---

--- 2026-05-18T16:47:10.791Z debug
-- START CF API RESPONSE: OK 200
---

--- 2026-05-18T16:47:10.791Z debug
HEADERS: omitted; set WRANGLER_LOG_SANITIZE=false to include sanitized data
---

--- 2026-05-18T16:47:10.791Z debug
RESPONSE: omitted; set WRANGLER_LOG_SANITIZE=false to include sanitized data
---

--- 2026-05-18T16:47:10.791Z debug
-- END CF API RESPONSE
---

--- 2026-05-18T16:47:10.791Z debug
-- START CF API REQUEST: PUT https://api.cloudflare.com/client/v4/accounts/923201050a960d4c64fb9b90a88cb956/workers/scripts/megashorts-logs/schedules
---

--- 2026-05-18T16:47:10.791Z debug
HEADERS: omitted; set WRANGLER_LOG_SANITIZE=false to include sanitized data
---

--- 2026-05-18T16:47:10.791Z debug
INIT: omitted; set WRANGLER_LOG_SANITIZE=false to include sanitized data
---

--- 2026-05-18T16:47:10.791Z debug
-- END CF API REQUEST
---

--- 2026-05-18T16:47:11.096Z debug
-- START CF API RESPONSE: OK 200
---

--- 2026-05-18T16:47:11.096Z debug
HEADERS: omitted; set WRANGLER_LOG_SANITIZE=false to include sanitized data
---

--- 2026-05-18T16:47:11.096Z debug
RESPONSE: omitted; set WRANGLER_LOG_SANITIZE=false to include sanitized data
---

--- 2026-05-18T16:47:11.096Z debug
-- END CF API RESPONSE
---

--- 2026-05-18T16:47:11.096Z log
Deployed megashorts-logs triggers (0.58 sec)
---

--- 2026-05-18T16:47:11.097Z log
  https://megashorts-logs.msdevcm.workers.dev
---

--- 2026-05-18T16:47:11.097Z log
  schedule: 0 15 * * *
---

--- 2026-05-18T16:47:11.097Z log
Current Version ID: 9c9a01f5-aedf-4832-aeaf-6af60ca8926a
---

--- 2026-05-18T16:47:11.098Z debug
Metrics dispatcher: Dispatching disabled - would have sent {"deviceId":"c8397d8f-15b6-4383-ac87-c9f1f1083fc4","event":"deploy worker script","timestamp":1779122831098,"properties":{"category":"Workers","wranglerVersion":"4.0.0","os":"darwin:arm64","usesTypeScript":true,"durationMs":4601}}.
---

--- 2026-05-18T16:47:11.100Z debug
Metrics dispatcher: Dispatching disabled - would have sent {"deviceId":"c8397d8f-15b6-4383-ac87-c9f1f1083fc4","event":"wrangler command completed","timestamp":1779122831100,"properties":{"amplitude_session_id":1779122826476,"amplitude_event_id":1,"wranglerVersion":"4.0.0","osPlatform":"Mac OS","osVersion":"Darwin Kernel Version 22.6.0: Sun Dec 17 22:14:25 PST 2023; root:xnu-8796.141.3.703.2~2/RELEASE_ARM64_T8112","nodeVersion":24,"packageManager":"npm","isFirstUsage":false,"configFileType":"toml","isCI":false,"isPagesCI":false,"isWorkersCI":false,"isInteractive":false,"hasAssets":false,"argsUsed":["c","config"],"argsCombination":"c, config","command":"wrangler deploy","args":{"config":"<REDACTED>","c":"<REDACTED>","xJsonConfig":true,"j":true,"noBundle":false,"latest":false,"keepVars":false,"xAutoCreate":true},"durationMs":4631,"durationSeconds":4.631,"durationMinutes":0.07718333333333334}}.
---
