
--- 2026-05-18T16:41:36.088Z debug
🪵  Writing logs to "/Users/kimryan/Desktop/megas/.tmp/wrangler-logs/wrangler-2026-05-18_16-41-36_049.log"
---

--- 2026-05-18T16:41:36.088Z debug
Metrics dispatcher: Dispatching disabled - would have sent {"deviceId":"c8397d8f-15b6-4383-ac87-c9f1f1083fc4","event":"wrangler command started","timestamp":1779122496088,"properties":{"amplitude_session_id":1779122496088,"amplitude_event_id":0,"wranglerVersion":"4.0.0","osPlatform":"Mac OS","osVersion":"Darwin Kernel Version 22.6.0: Sun Dec 17 22:14:25 PST 2023; root:xnu-8796.141.3.703.2~2/RELEASE_ARM64_T8112","nodeVersion":24,"packageManager":"npm","isFirstUsage":false,"configFileType":"toml","isCI":false,"isPagesCI":false,"isWorkersCI":false,"isInteractive":false,"hasAssets":false,"argsUsed":["c","config"],"argsCombination":"c, config","command":"wrangler secret put","args":{"config":"<REDACTED>","c":"<REDACTED>","xJsonConfig":true,"j":true,"key":"<REDACTED>"}}}.
---

--- 2026-05-18T16:41:36.089Z debug
.env file not found at ".env". Continuing... For more details, refer to https://developers.cloudflare.com/workers/wrangler/system-environment-variables/
---

--- 2026-05-18T16:41:36.093Z log

 ⛅️ wrangler 4.0.0 (update available 4.92.0)
--------------------------------------------

---

--- 2026-05-18T16:41:36.097Z log
🌀 Creating the secret for the Worker "team-master-settings" 
---

--- 2026-05-18T16:41:36.097Z debug
-- START CF API REQUEST: PUT https://api.cloudflare.com/client/v4/accounts/923201050a960d4c64fb9b90a88cb956/workers/scripts/team-master-settings/secrets
---

--- 2026-05-18T16:41:36.097Z debug
HEADERS: omitted; set WRANGLER_LOG_SANITIZE=false to include sanitized data
---

--- 2026-05-18T16:41:36.097Z debug
INIT: omitted; set WRANGLER_LOG_SANITIZE=false to include sanitized data
---

--- 2026-05-18T16:41:36.097Z debug
-- END CF API REQUEST
---

--- 2026-05-18T16:41:36.384Z debug
-- START CF API RESPONSE: Forbidden 403
---

--- 2026-05-18T16:41:36.385Z debug
HEADERS: omitted; set WRANGLER_LOG_SANITIZE=false to include sanitized data
---

--- 2026-05-18T16:41:36.385Z debug
RESPONSE: omitted; set WRANGLER_LOG_SANITIZE=false to include sanitized data
---

--- 2026-05-18T16:41:36.385Z debug
-- END CF API RESPONSE
---

--- 2026-05-18T16:41:36.386Z log

---

--- 2026-05-18T16:41:36.421Z log
[31m✘ [41;31m[[41;97mERROR[41;31m][0m [1mA request to the Cloudflare API (/accounts/923201050a960d4c64fb9b90a88cb956/workers/scripts/team-master-settings/secrets) failed.[0m

  Authentication error [code: 10000]


---

--- 2026-05-18T16:41:36.421Z log
Getting User settings...
---

--- 2026-05-18T16:41:36.421Z debug
-- START CF API REQUEST: GET https://api.cloudflare.com/client/v4/user
---

--- 2026-05-18T16:41:36.421Z debug
HEADERS: omitted; set WRANGLER_LOG_SANITIZE=false to include sanitized data
---

--- 2026-05-18T16:41:36.421Z debug
INIT: omitted; set WRANGLER_LOG_SANITIZE=false to include sanitized data
---

--- 2026-05-18T16:41:36.421Z debug
-- END CF API REQUEST
---

--- 2026-05-18T16:41:36.764Z debug
-- START CF API RESPONSE: OK 200
---

--- 2026-05-18T16:41:36.764Z debug
HEADERS: omitted; set WRANGLER_LOG_SANITIZE=false to include sanitized data
---

--- 2026-05-18T16:41:36.764Z debug
RESPONSE: omitted; set WRANGLER_LOG_SANITIZE=false to include sanitized data
---

--- 2026-05-18T16:41:36.764Z debug
-- END CF API RESPONSE
---

--- 2026-05-18T16:41:36.765Z debug
-- START CF API REQUEST: GET https://api.cloudflare.com/client/v4/accounts?page=1
---

--- 2026-05-18T16:41:36.765Z debug
HEADERS: omitted; set WRANGLER_LOG_SANITIZE=false to include sanitized data
---

--- 2026-05-18T16:41:36.765Z debug
INIT: omitted; set WRANGLER_LOG_SANITIZE=false to include sanitized data
---

--- 2026-05-18T16:41:36.765Z debug
-- END CF API REQUEST
---

--- 2026-05-18T16:41:38.298Z debug
-- START CF API RESPONSE: OK 200
---

--- 2026-05-18T16:41:38.299Z debug
HEADERS: omitted; set WRANGLER_LOG_SANITIZE=false to include sanitized data
---
