
--- 2026-05-18T16:59:52.183Z debug
🪵  Writing logs to "/Users/kimryan/Desktop/megas/.tmp/wrangler-logs/wrangler-2026-05-18_16-59-52_117.log"
---

--- 2026-05-18T16:59:52.183Z debug
Metrics dispatcher: Dispatching disabled - would have sent {"deviceId":"c8397d8f-15b6-4383-ac87-c9f1f1083fc4","event":"wrangler command started","timestamp":1779123592183,"properties":{"amplitude_session_id":1779123592182,"amplitude_event_id":0,"wranglerVersion":"4.0.0","osPlatform":"Mac OS","osVersion":"Darwin Kernel Version 22.6.0: Sun Dec 17 22:14:25 PST 2023; root:xnu-8796.141.3.703.2~2/RELEASE_ARM64_T8112","nodeVersion":24,"packageManager":"npm","isFirstUsage":false,"configFileType":"toml","isCI":false,"isPagesCI":false,"isWorkersCI":false,"isInteractive":false,"hasAssets":false,"argsUsed":["command","remote"],"argsCombination":"command, remote","command":"wrangler d1 execute","args":{"remote":true,"command":"<REDACTED>","xJsonConfig":true,"j":true,"json":false,"preview":false,"database":"<REDACTED>"}}}.
---

--- 2026-05-18T16:59:52.184Z debug
.env file not found at ".env". Continuing... For more details, refer to https://developers.cloudflare.com/workers/wrangler/system-environment-variables/
---

--- 2026-05-18T16:59:52.188Z log

 ⛅️ wrangler 4.0.0 (update available 4.92.0)
--------------------------------------------

---

--- 2026-05-18T16:59:52.190Z debug
No experimental flag store instantiated
---

--- 2026-05-18T16:59:52.190Z debug
Attempted to use flag "RESOURCES_PROVISION" which has not been instantiated
---

--- 2026-05-18T16:59:52.190Z debug
No experimental flag store instantiated
---

--- 2026-05-18T16:59:52.190Z debug
Attempted to use flag "RESOURCES_PROVISION" which has not been instantiated
---

--- 2026-05-18T16:59:52.191Z debug
Saving to cache: {"account":{"id":"923201050a960d4c64fb9b90a88cb956","name":""}}
---

--- 2026-05-18T16:59:52.192Z log
🌀 Executing on remote database megashorts-db (52d25396-2a61-42a8-904f-2d7956cede44):
---

--- 2026-05-18T16:59:52.192Z log
🌀 To execute on your local development database, remove the --remote flag from your wrangler command.
---

--- 2026-05-18T16:59:52.192Z debug
-- START CF API REQUEST: POST https://api.cloudflare.com/client/v4/accounts/923201050a960d4c64fb9b90a88cb956/d1/database/52d25396-2a61-42a8-904f-2d7956cede44/query
---

--- 2026-05-18T16:59:52.192Z debug
HEADERS: omitted; set WRANGLER_LOG_SANITIZE=false to include sanitized data
---

--- 2026-05-18T16:59:52.192Z debug
INIT: omitted; set WRANGLER_LOG_SANITIZE=false to include sanitized data
---

--- 2026-05-18T16:59:52.192Z debug
-- END CF API REQUEST
---

--- 2026-05-18T16:59:52.647Z debug
-- START CF API RESPONSE: OK 200
---

--- 2026-05-18T16:59:52.647Z debug
HEADERS: omitted; set WRANGLER_LOG_SANITIZE=false to include sanitized data
---

--- 2026-05-18T16:59:52.647Z debug
RESPONSE: omitted; set WRANGLER_LOG_SANITIZE=false to include sanitized data
---

--- 2026-05-18T16:59:52.647Z debug
-- END CF API RESPONSE
---

--- 2026-05-18T16:59:52.648Z log
🚣 Executed 1 command in 0.4454ms
---

--- 2026-05-18T16:59:52.648Z log
[
  {
    "results": [
      {
        "master_id": null,
        "user_id": "codex_agency_test_20260518165836_uploader",
        "commission_type": "CREATOR",
        "processed": 1,
        "cnt": 4,
        "coin": 384,
        "sub": 0
      }
    ],
    "success": true,
    "meta": {
      "served_by": "v3-prod",
      "served_by_region": "APAC",
      "served_by_colo": "HKG",
      "served_by_primary": true,
      "timings": {
        "sql_duration_ms": 0.4454
      },
      "duration": 0.4454,
      "changes": 0,
      "last_row_id": 273,
      "changed_db": false,
      "size_after": 278528,
      "rows_read": 9,
      "rows_written": 0,
      "total_attempts": 1
    }
  }
]
---

--- 2026-05-18T16:59:52.648Z debug
Metrics dispatcher: Dispatching disabled - would have sent {"deviceId":"c8397d8f-15b6-4383-ac87-c9f1f1083fc4","event":"wrangler command completed","timestamp":1779123592648,"properties":{"amplitude_session_id":1779123592182,"amplitude_event_id":1,"wranglerVersion":"4.0.0","osPlatform":"Mac OS","osVersion":"Darwin Kernel Version 22.6.0: Sun Dec 17 22:14:25 PST 2023; root:xnu-8796.141.3.703.2~2/RELEASE_ARM64_T8112","nodeVersion":24,"packageManager":"npm","isFirstUsage":false,"configFileType":"toml","isCI":false,"isPagesCI":false,"isWorkersCI":false,"isInteractive":false,"hasAssets":false,"argsUsed":["command","remote"],"argsCombination":"command, remote","command":"wrangler d1 execute","args":{"remote":true,"command":"<REDACTED>","xJsonConfig":true,"j":true,"json":false,"preview":false,"database":"<REDACTED>"},"durationMs":475,"durationSeconds":0.475,"durationMinutes":0.007916666666666666}}.
---
