
--- 2026-05-18T16:47:49.087Z debug
🪵  Writing logs to "/Users/kimryan/Desktop/megas/.tmp/wrangler-logs/wrangler-2026-05-18_16-47-49_051.log"
---

--- 2026-05-18T16:47:49.087Z debug
Metrics dispatcher: Dispatching disabled - would have sent {"deviceId":"c8397d8f-15b6-4383-ac87-c9f1f1083fc4","event":"wrangler command started","timestamp":1779122869087,"properties":{"amplitude_session_id":1779122869086,"amplitude_event_id":0,"wranglerVersion":"4.0.0","osPlatform":"Mac OS","osVersion":"Darwin Kernel Version 22.6.0: Sun Dec 17 22:14:25 PST 2023; root:xnu-8796.141.3.703.2~2/RELEASE_ARM64_T8112","nodeVersion":24,"packageManager":"npm","isFirstUsage":false,"configFileType":"toml","isCI":false,"isPagesCI":false,"isWorkersCI":false,"isInteractive":false,"hasAssets":false,"argsUsed":["c","config"],"argsCombination":"c, config","command":"wrangler secret put","args":{"config":"<REDACTED>","c":"<REDACTED>","xJsonConfig":true,"j":true,"key":"<REDACTED>"}}}.
---

--- 2026-05-18T16:47:49.088Z debug
.env file not found at ".env". Continuing... For more details, refer to https://developers.cloudflare.com/workers/wrangler/system-environment-variables/
---

--- 2026-05-18T16:47:49.092Z log

 ⛅️ wrangler 4.0.0 (update available 4.92.0)
--------------------------------------------

---

--- 2026-05-18T16:47:49.095Z debug
Saving to cache: {"account":{"id":"923201050a960d4c64fb9b90a88cb956","name":""}}
---

--- 2026-05-18T16:47:49.096Z log
🌀 Creating the secret for the Worker "team-master-settings" 
---

--- 2026-05-18T16:47:49.096Z debug
-- START CF API REQUEST: PUT https://api.cloudflare.com/client/v4/accounts/923201050a960d4c64fb9b90a88cb956/workers/scripts/team-master-settings/secrets
---

--- 2026-05-18T16:47:49.096Z debug
HEADERS: omitted; set WRANGLER_LOG_SANITIZE=false to include sanitized data
---

--- 2026-05-18T16:47:49.096Z debug
INIT: omitted; set WRANGLER_LOG_SANITIZE=false to include sanitized data
---

--- 2026-05-18T16:47:49.096Z debug
-- END CF API REQUEST
---

--- 2026-05-18T16:47:49.609Z debug
-- START CF API RESPONSE: Created 201
---

--- 2026-05-18T16:47:49.609Z debug
HEADERS: omitted; set WRANGLER_LOG_SANITIZE=false to include sanitized data
---

--- 2026-05-18T16:47:49.609Z debug
RESPONSE: omitted; set WRANGLER_LOG_SANITIZE=false to include sanitized data
---

--- 2026-05-18T16:47:49.609Z debug
-- END CF API RESPONSE
---

--- 2026-05-18T16:47:49.610Z debug
Metrics dispatcher: Dispatching disabled - would have sent {"deviceId":"c8397d8f-15b6-4383-ac87-c9f1f1083fc4","event":"create encrypted variable","timestamp":1779122869610,"properties":{"category":"Workers","wranglerVersion":"4.0.0","os":"darwin:arm64"}}.
---

--- 2026-05-18T16:47:49.610Z log
✨ Success! Uploaded secret CRON_SECRET
---

--- 2026-05-18T16:47:49.611Z debug
Metrics dispatcher: Dispatching disabled - would have sent {"deviceId":"c8397d8f-15b6-4383-ac87-c9f1f1083fc4","event":"wrangler command completed","timestamp":1779122869611,"properties":{"amplitude_session_id":1779122869086,"amplitude_event_id":1,"wranglerVersion":"4.0.0","osPlatform":"Mac OS","osVersion":"Darwin Kernel Version 22.6.0: Sun Dec 17 22:14:25 PST 2023; root:xnu-8796.141.3.703.2~2/RELEASE_ARM64_T8112","nodeVersion":24,"packageManager":"npm","isFirstUsage":false,"configFileType":"toml","isCI":false,"isPagesCI":false,"isWorkersCI":false,"isInteractive":false,"hasAssets":false,"argsUsed":["c","config"],"argsCombination":"c, config","command":"wrangler secret put","args":{"config":"<REDACTED>","c":"<REDACTED>","xJsonConfig":true,"j":true,"key":"<REDACTED>"},"durationMs":532,"durationSeconds":0.532,"durationMinutes":0.008866666666666667}}.
---
