
--- 2026-05-18T16:43:15.715Z debug
🪵  Writing logs to "/Users/kimryan/Desktop/megas/.tmp/wrangler-logs/wrangler-2026-05-18_16-43-15_648.log"
---

--- 2026-05-18T16:43:15.715Z debug
Metrics dispatcher: Dispatching disabled - would have sent {"deviceId":"c8397d8f-15b6-4383-ac87-c9f1f1083fc4","event":"wrangler command started","timestamp":1779122595715,"properties":{"amplitude_session_id":1779122595714,"amplitude_event_id":0,"wranglerVersion":"4.0.0","osPlatform":"Mac OS","osVersion":"Darwin Kernel Version 22.6.0: Sun Dec 17 22:14:25 PST 2023; root:xnu-8796.141.3.703.2~2/RELEASE_ARM64_T8112","nodeVersion":24,"packageManager":"npm","isFirstUsage":false,"configFileType":"toml","isCI":false,"isPagesCI":false,"isWorkersCI":false,"isInteractive":false,"hasAssets":false,"argsUsed":["c","config"],"argsCombination":"c, config","command":"wrangler secret put","args":{"config":"<REDACTED>","c":"<REDACTED>","xJsonConfig":true,"j":true,"key":"<REDACTED>"}}}.
---

--- 2026-05-18T16:43:15.716Z debug
.env file not found at ".env". Continuing... For more details, refer to https://developers.cloudflare.com/workers/wrangler/system-environment-variables/
---

--- 2026-05-18T16:43:15.720Z log

 ⛅️ wrangler 4.0.0 (update available 4.92.0)
--------------------------------------------

---

--- 2026-05-18T16:43:15.723Z debug
Saving to cache: {"account":{"id":"923201050a960d4c64fb9b90a88cb956","name":""}}
---

--- 2026-05-18T16:43:15.725Z log
🌀 Creating the secret for the Worker "megashorts-logs" 
---

--- 2026-05-18T16:43:15.725Z debug
-- START CF API REQUEST: PUT https://api.cloudflare.com/client/v4/accounts/923201050a960d4c64fb9b90a88cb956/workers/scripts/megashorts-logs/secrets
---

--- 2026-05-18T16:43:15.725Z debug
HEADERS: omitted; set WRANGLER_LOG_SANITIZE=false to include sanitized data
---

--- 2026-05-18T16:43:15.725Z debug
INIT: omitted; set WRANGLER_LOG_SANITIZE=false to include sanitized data
---

--- 2026-05-18T16:43:15.725Z debug
-- END CF API REQUEST
---

--- 2026-05-18T16:43:16.271Z debug
-- START CF API RESPONSE: Bad Request 400
---

--- 2026-05-18T16:43:16.271Z debug
HEADERS: omitted; set WRANGLER_LOG_SANITIZE=false to include sanitized data
---

--- 2026-05-18T16:43:16.271Z debug
RESPONSE: omitted; set WRANGLER_LOG_SANITIZE=false to include sanitized data
---

--- 2026-05-18T16:43:16.271Z debug
-- END CF API RESPONSE
---

--- 2026-05-18T16:43:16.273Z log

---

--- 2026-05-18T16:43:16.332Z log
[31m✘ [41;31m[[41;97mERROR[41;31m][0m [1mA request to the Cloudflare API (/accounts/923201050a960d4c64fb9b90a88cb956/workers/scripts/megashorts-logs/secrets) failed.[0m

  Binding name 'API_KEY' already in use. Please use a different name and try again. [code: 10053]
  
  If you think this is a bug, please open an issue at: [4mhttps://github.com/cloudflare/workers-sdk/issues/new/choose[0m


---

--- 2026-05-18T16:43:16.332Z debug
Metrics dispatcher: Dispatching disabled - would have sent {"deviceId":"c8397d8f-15b6-4383-ac87-c9f1f1083fc4","event":"wrangler command errored","timestamp":1779122596332,"properties":{"amplitude_session_id":1779122595714,"amplitude_event_id":1,"wranglerVersion":"4.0.0","osPlatform":"Mac OS","osVersion":"Darwin Kernel Version 22.6.0: Sun Dec 17 22:14:25 PST 2023; root:xnu-8796.141.3.703.2~2/RELEASE_ARM64_T8112","nodeVersion":24,"packageManager":"npm","isFirstUsage":false,"configFileType":"toml","isCI":false,"isPagesCI":false,"isWorkersCI":false,"isInteractive":false,"hasAssets":false,"argsUsed":["c","config"],"argsCombination":"c, config","command":"wrangler secret put","args":{"config":"<REDACTED>","c":"<REDACTED>","xJsonConfig":true,"j":true,"key":"<REDACTED>"},"durationMs":625,"durationSeconds":0.625,"durationMinutes":0.010416666666666666,"errorType":"APIError"}}.
---
