
--- 2026-05-18T16:47:59.756Z debug
🪵  Writing logs to "/Users/kimryan/Desktop/megas/.tmp/wrangler-logs/wrangler-2026-05-18_16-47-59_719.log"
---

--- 2026-05-18T16:47:59.756Z debug
Metrics dispatcher: Dispatching disabled - would have sent {"deviceId":"c8397d8f-15b6-4383-ac87-c9f1f1083fc4","event":"wrangler command started","timestamp":1779122879756,"properties":{"amplitude_session_id":1779122879756,"amplitude_event_id":0,"wranglerVersion":"4.0.0","osPlatform":"Mac OS","osVersion":"Darwin Kernel Version 22.6.0: Sun Dec 17 22:14:25 PST 2023; root:xnu-8796.141.3.703.2~2/RELEASE_ARM64_T8112","nodeVersion":24,"packageManager":"npm","isFirstUsage":false,"configFileType":"toml","isCI":false,"isPagesCI":false,"isWorkersCI":false,"isInteractive":false,"hasAssets":false,"argsUsed":["c","config"],"argsCombination":"c, config","command":"wrangler deploy","args":{"config":"<REDACTED>","c":"<REDACTED>","xJsonConfig":true,"j":true,"noBundle":false,"latest":false,"keepVars":false,"xAutoCreate":true}}}.
---

--- 2026-05-18T16:47:59.757Z debug
.env file not found at ".env". Continuing... For more details, refer to https://developers.cloudflare.com/workers/wrangler/system-environment-variables/
---

--- 2026-05-18T16:47:59.762Z log

 ⛅️ wrangler 4.0.0 (update available 4.92.0)
--------------------------------------------

---

--- 2026-05-18T16:47:59.777Z debug
Saving to cache: {"account":{"id":"923201050a960d4c64fb9b90a88cb956","name":""}}
---

--- 2026-05-18T16:47:59.777Z debug
Starting verifyWorkerMatchesCITag() with tag: undefined, name: cfstats-admin
---

--- 2026-05-18T16:47:59.777Z debug
No WRANGLER_CI_MATCH_TAG variable provided, aborting verifyWorkerMatchesCITag()
---

--- 2026-05-18T16:47:59.778Z debug
-- START CF API REQUEST: GET https://api.cloudflare.com/client/v4/accounts/923201050a960d4c64fb9b90a88cb956/workers/services/cfstats-admin
---

--- 2026-05-18T16:47:59.778Z debug
HEADERS: omitted; set WRANGLER_LOG_SANITIZE=false to include sanitized data
---

--- 2026-05-18T16:47:59.778Z debug
INIT: omitted; set WRANGLER_LOG_SANITIZE=false to include sanitized data
---

--- 2026-05-18T16:47:59.778Z debug
-- END CF API REQUEST
---

--- 2026-05-18T16:48:00.067Z debug
-- START CF API RESPONSE: OK 200
---

--- 2026-05-18T16:48:00.067Z debug
HEADERS: omitted; set WRANGLER_LOG_SANITIZE=false to include sanitized data
---

--- 2026-05-18T16:48:00.067Z debug
RESPONSE: omitted; set WRANGLER_LOG_SANITIZE=false to include sanitized data
---

--- 2026-05-18T16:48:00.067Z debug
-- END CF API RESPONSE
---

--- 2026-05-18T16:48:00.069Z debug
-- START CF API REQUEST: GET https://api.cloudflare.com/client/v4/accounts/923201050a960d4c64fb9b90a88cb956/workers/scripts/cfstats-admin/deployments
---

--- 2026-05-18T16:48:00.069Z debug
HEADERS: omitted; set WRANGLER_LOG_SANITIZE=false to include sanitized data
---

--- 2026-05-18T16:48:00.069Z debug
INIT: omitted; set WRANGLER_LOG_SANITIZE=false to include sanitized data
---

--- 2026-05-18T16:48:00.069Z debug
-- END CF API REQUEST
---

--- 2026-05-18T16:48:00.304Z debug
-- START CF API RESPONSE: OK 200
---

--- 2026-05-18T16:48:00.304Z debug
HEADERS: omitted; set WRANGLER_LOG_SANITIZE=false to include sanitized data
---

--- 2026-05-18T16:48:00.304Z debug
RESPONSE: omitted; set WRANGLER_LOG_SANITIZE=false to include sanitized data
---

--- 2026-05-18T16:48:00.304Z debug
-- END CF API RESPONSE
---

--- 2026-05-18T16:48:00.433Z log
Total Upload: 492.90 KiB / gzip: 94.69 KiB
---

--- 2026-05-18T16:48:00.436Z debug
-- START CF API REQUEST: POST https://api.cloudflare.com/client/v4/accounts/923201050a960d4c64fb9b90a88cb956/workers/scripts/cfstats-admin/versions
---

--- 2026-05-18T16:48:00.436Z debug
HEADERS: omitted; set WRANGLER_LOG_SANITIZE=false to include sanitized data
---

--- 2026-05-18T16:48:00.436Z debug
INIT: omitted; set WRANGLER_LOG_SANITIZE=false to include sanitized data
---

--- 2026-05-18T16:48:00.437Z debug
BODY: omitted; set WRANGLER_LOG_SANITIZE=false to include sanitized data
---

--- 2026-05-18T16:48:00.437Z debug
-- END CF API REQUEST
---

--- 2026-05-18T16:48:02.497Z debug
-- START CF API RESPONSE: OK 200
---

--- 2026-05-18T16:48:02.497Z debug
HEADERS: omitted; set WRANGLER_LOG_SANITIZE=false to include sanitized data
---

--- 2026-05-18T16:48:02.497Z debug
RESPONSE: omitted; set WRANGLER_LOG_SANITIZE=false to include sanitized data
---

--- 2026-05-18T16:48:02.497Z debug
-- END CF API RESPONSE
---

--- 2026-05-18T16:48:02.499Z debug
-- START CF API REQUEST: POST https://api.cloudflare.com/client/v4/accounts/923201050a960d4c64fb9b90a88cb956/workers/scripts/cfstats-admin/deployments
---

--- 2026-05-18T16:48:02.499Z debug
HEADERS: omitted; set WRANGLER_LOG_SANITIZE=false to include sanitized data
---

--- 2026-05-18T16:48:02.499Z debug
INIT: omitted; set WRANGLER_LOG_SANITIZE=false to include sanitized data
---

--- 2026-05-18T16:48:02.499Z debug
-- END CF API REQUEST
---

--- 2026-05-18T16:48:03.364Z debug
-- START CF API RESPONSE: OK 200
---

--- 2026-05-18T16:48:03.364Z debug
HEADERS: omitted; set WRANGLER_LOG_SANITIZE=false to include sanitized data
---

--- 2026-05-18T16:48:03.364Z debug
RESPONSE: omitted; set WRANGLER_LOG_SANITIZE=false to include sanitized data
---

--- 2026-05-18T16:48:03.364Z debug
-- END CF API RESPONSE
---

--- 2026-05-18T16:48:03.364Z debug
-- START CF API REQUEST: PATCH https://api.cloudflare.com/client/v4/accounts/923201050a960d4c64fb9b90a88cb956/workers/scripts/cfstats-admin/script-settings
---

--- 2026-05-18T16:48:03.364Z debug
HEADERS: omitted; set WRANGLER_LOG_SANITIZE=false to include sanitized data
---

--- 2026-05-18T16:48:03.365Z debug
INIT: omitted; set WRANGLER_LOG_SANITIZE=false to include sanitized data
---

--- 2026-05-18T16:48:03.365Z debug
-- END CF API REQUEST
---

--- 2026-05-18T16:48:04.121Z debug
-- START CF API RESPONSE: OK 200
---

--- 2026-05-18T16:48:04.121Z debug
HEADERS: omitted; set WRANGLER_LOG_SANITIZE=false to include sanitized data
---

--- 2026-05-18T16:48:04.121Z debug
RESPONSE: omitted; set WRANGLER_LOG_SANITIZE=false to include sanitized data
---

--- 2026-05-18T16:48:04.121Z debug
-- END CF API RESPONSE
---

--- 2026-05-18T16:48:04.121Z log
Worker Startup Time: 17 ms
---

--- 2026-05-18T16:48:04.123Z log
Your worker has access to the following bindings:
- D1 Databases:
  - DB: megashorts-db (52d25396-2a61-42a8-904f-2d7956cede44)
- R2 Buckets:
  - POINTS_BUCKET: points-system-bucket
  - LOGS_BUCKET: logs-bucket
- Services:
  - VIEWCOUNTTEAM_WORKER: viewcount-team-worker
- Vars:
  - SUPABASE_URL: "https://bpvmstecehkyztiflxqr.supabase..."
---

--- 2026-05-18T16:48:04.124Z log
Uploaded cfstats-admin (4.05 sec)
---

--- 2026-05-18T16:48:04.125Z debug
-- START CF API REQUEST: GET https://api.cloudflare.com/client/v4/accounts/923201050a960d4c64fb9b90a88cb956/workers/scripts/cfstats-admin/subdomain
---

--- 2026-05-18T16:48:04.125Z debug
HEADERS: omitted; set WRANGLER_LOG_SANITIZE=false to include sanitized data
---

--- 2026-05-18T16:48:04.125Z debug
INIT: omitted; set WRANGLER_LOG_SANITIZE=false to include sanitized data
---

--- 2026-05-18T16:48:04.125Z debug
-- END CF API REQUEST
---

--- 2026-05-18T16:48:04.395Z debug
-- START CF API RESPONSE: OK 200
---

--- 2026-05-18T16:48:04.395Z debug
HEADERS: omitted; set WRANGLER_LOG_SANITIZE=false to include sanitized data
---

--- 2026-05-18T16:48:04.395Z debug
RESPONSE: omitted; set WRANGLER_LOG_SANITIZE=false to include sanitized data
---

--- 2026-05-18T16:48:04.395Z debug
-- END CF API RESPONSE
---

--- 2026-05-18T16:48:04.395Z debug
-- START CF API REQUEST: GET https://api.cloudflare.com/client/v4/accounts/923201050a960d4c64fb9b90a88cb956/workers/subdomain
---

--- 2026-05-18T16:48:04.395Z debug
HEADERS: omitted; set WRANGLER_LOG_SANITIZE=false to include sanitized data
---

--- 2026-05-18T16:48:04.395Z debug
INIT: omitted; set WRANGLER_LOG_SANITIZE=false to include sanitized data
---

--- 2026-05-18T16:48:04.395Z debug
-- END CF API REQUEST
---

--- 2026-05-18T16:48:04.641Z debug
-- START CF API RESPONSE: OK 200
---

--- 2026-05-18T16:48:04.641Z debug
HEADERS: omitted; set WRANGLER_LOG_SANITIZE=false to include sanitized data
---

--- 2026-05-18T16:48:04.641Z debug
RESPONSE: omitted; set WRANGLER_LOG_SANITIZE=false to include sanitized data
---

--- 2026-05-18T16:48:04.641Z debug
-- END CF API RESPONSE
---

--- 2026-05-18T16:48:04.642Z debug
-- START CF API REQUEST: PUT https://api.cloudflare.com/client/v4/accounts/923201050a960d4c64fb9b90a88cb956/workers/scripts/cfstats-admin/schedules
---

--- 2026-05-18T16:48:04.642Z debug
HEADERS: omitted; set WRANGLER_LOG_SANITIZE=false to include sanitized data
---

--- 2026-05-18T16:48:04.642Z debug
INIT: omitted; set WRANGLER_LOG_SANITIZE=false to include sanitized data
---

--- 2026-05-18T16:48:04.642Z debug
-- END CF API REQUEST
---

--- 2026-05-18T16:48:05.062Z debug
-- START CF API RESPONSE: OK 200
---

--- 2026-05-18T16:48:05.062Z debug
HEADERS: omitted; set WRANGLER_LOG_SANITIZE=false to include sanitized data
---

--- 2026-05-18T16:48:05.062Z debug
RESPONSE: omitted; set WRANGLER_LOG_SANITIZE=false to include sanitized data
---

--- 2026-05-18T16:48:05.062Z debug
-- END CF API RESPONSE
---

--- 2026-05-18T16:48:05.062Z log
Deployed cfstats-admin triggers (0.67 sec)
---

--- 2026-05-18T16:48:05.062Z log
  https://cfstats-admin.msdevcm.workers.dev
---

--- 2026-05-18T16:48:05.063Z log
  schedule: 0 15 * * *
---

--- 2026-05-18T16:48:05.063Z log
Current Version ID: 10e59eb0-7876-40e0-bbb4-48a3e086e14c
---

--- 2026-05-18T16:48:05.064Z debug
Metrics dispatcher: Dispatching disabled - would have sent {"deviceId":"c8397d8f-15b6-4383-ac87-c9f1f1083fc4","event":"deploy worker script","timestamp":1779122885064,"properties":{"category":"Workers","wranglerVersion":"4.0.0","os":"darwin:arm64","usesTypeScript":true,"durationMs":5286}}.
---

--- 2026-05-18T16:48:05.065Z debug
Metrics dispatcher: Dispatching disabled - would have sent {"deviceId":"c8397d8f-15b6-4383-ac87-c9f1f1083fc4","event":"wrangler command completed","timestamp":1779122885065,"properties":{"amplitude_session_id":1779122879756,"amplitude_event_id":1,"wranglerVersion":"4.0.0","osPlatform":"Mac OS","osVersion":"Darwin Kernel Version 22.6.0: Sun Dec 17 22:14:25 PST 2023; root:xnu-8796.141.3.703.2~2/RELEASE_ARM64_T8112","nodeVersion":24,"packageManager":"npm","isFirstUsage":false,"configFileType":"toml","isCI":false,"isPagesCI":false,"isWorkersCI":false,"isInteractive":false,"hasAssets":false,"argsUsed":["c","config"],"argsCombination":"c, config","command":"wrangler deploy","args":{"config":"<REDACTED>","c":"<REDACTED>","xJsonConfig":true,"j":true,"noBundle":false,"latest":false,"keepVars":false,"xAutoCreate":true},"durationMs":5317,"durationSeconds":5.317,"durationMinutes":0.08861666666666666}}.
---
