
--- 2026-05-18T17:04:31.427Z debug
🪵  Writing logs to "/Users/kimryan/Desktop/megas/.tmp/wrangler-logs/wrangler-2026-05-18_17-04-31_349.log"
---

--- 2026-05-18T17:04:31.427Z debug
Metrics dispatcher: Dispatching disabled - would have sent {"deviceId":"c8397d8f-15b6-4383-ac87-c9f1f1083fc4","event":"wrangler command started","timestamp":1779123871426,"properties":{"amplitude_session_id":1779123871425,"amplitude_event_id":0,"wranglerVersion":"4.0.0","osPlatform":"Mac OS","osVersion":"Darwin Kernel Version 22.6.0: Sun Dec 17 22:14:25 PST 2023; root:xnu-8796.141.3.703.2~2/RELEASE_ARM64_T8112","nodeVersion":24,"packageManager":"npm","isFirstUsage":false,"configFileType":"toml","isCI":false,"isPagesCI":false,"isWorkersCI":false,"isInteractive":false,"hasAssets":false,"argsUsed":["command","remote"],"argsCombination":"command, remote","command":"wrangler d1 execute","args":{"remote":true,"command":"<REDACTED>","xJsonConfig":true,"j":true,"json":false,"preview":false,"database":"<REDACTED>"}}}.
---

--- 2026-05-18T17:04:31.428Z debug
.env file not found at ".env". Continuing... For more details, refer to https://developers.cloudflare.com/workers/wrangler/system-environment-variables/
---

--- 2026-05-18T17:04:31.432Z log

 ⛅️ wrangler 4.0.0 (update available 4.92.0)
--------------------------------------------

---

--- 2026-05-18T17:04:31.434Z debug
No experimental flag store instantiated
---

--- 2026-05-18T17:04:31.434Z debug
Attempted to use flag "RESOURCES_PROVISION" which has not been instantiated
---

--- 2026-05-18T17:04:31.434Z debug
No experimental flag store instantiated
---

--- 2026-05-18T17:04:31.434Z debug
Attempted to use flag "RESOURCES_PROVISION" which has not been instantiated
---

--- 2026-05-18T17:04:31.435Z debug
Saving to cache: {"account":{"id":"923201050a960d4c64fb9b90a88cb956","name":""}}
---

--- 2026-05-18T17:04:31.436Z log
🌀 Executing on remote database megashorts-db (52d25396-2a61-42a8-904f-2d7956cede44):
---

--- 2026-05-18T17:04:31.436Z log
🌀 To execute on your local development database, remove the --remote flag from your wrangler command.
---

--- 2026-05-18T17:04:31.436Z debug
-- START CF API REQUEST: POST https://api.cloudflare.com/client/v4/accounts/923201050a960d4c64fb9b90a88cb956/d1/database/52d25396-2a61-42a8-904f-2d7956cede44/query
---

--- 2026-05-18T17:04:31.436Z debug
HEADERS: omitted; set WRANGLER_LOG_SANITIZE=false to include sanitized data
---

--- 2026-05-18T17:04:31.436Z debug
INIT: omitted; set WRANGLER_LOG_SANITIZE=false to include sanitized data
---

--- 2026-05-18T17:04:31.436Z debug
-- END CF API REQUEST
---

--- 2026-05-18T17:04:31.897Z debug
-- START CF API RESPONSE: OK 200
---

--- 2026-05-18T17:04:31.897Z debug
HEADERS: omitted; set WRANGLER_LOG_SANITIZE=false to include sanitized data
---

--- 2026-05-18T17:04:31.897Z debug
RESPONSE: omitted; set WRANGLER_LOG_SANITIZE=false to include sanitized data
---

--- 2026-05-18T17:04:31.897Z debug
-- END CF API RESPONSE
---

--- 2026-05-18T17:04:31.898Z log
🚣 Executed 3 commands in 0.8797999999999999ms
---

--- 2026-05-18T17:04:31.899Z log
[
  {
    "results": [
      {
        "commission_type": "CREATOR",
        "processed": 1,
        "cnt": 4,
        "coin": 432,
        "sub": 0
      },
      {
        "commission_type": "DIRECT",
        "processed": 1,
        "cnt": 2,
        "coin": 44.64,
        "sub": 0
      },
      {
        "commission_type": "INDIRECT",
        "processed": 1,
        "cnt": 2,
        "coin": 46.56,
        "sub": 0
      },
      {
        "commission_type": "NETWORK_LEVEL",
        "processed": 1,
        "cnt": 9,
        "coin": 319.2,
        "sub": 0
      }
    ],
    "success": true,
    "meta": {
      "served_by": "v3-prod",
      "served_by_region": "APAC",
      "served_by_colo": "HKG",
      "served_by_primary": true,
      "timings": {
        "sql_duration_ms": 0.3952
      },
      "duration": 0.3952,
      "changes": 0,
      "last_row_id": 275,
      "changed_db": false,
      "size_after": 307200,
      "rows_read": 34,
      "rows_written": 0,
      "total_attempts": 1
    }
  },
  {
    "results": [
      {
        "user_id": "codex_agency_test_20260518170229_uploader",
        "master_id": null,
        "post_id": "codex_agency_test_20260518170229_binary_post",
        "commission_type": "CREATOR",
        "processed": 1,
        "point_by_coin": 48,
        "point_by_subscription": 0,
        "view_count_coin": 2,
        "view_count_subscription": 2,
        "metadata": "{\"processingStartedAt\":\"2026-05-18T17:04:07.118Z\",\"attemptedPoints\":144,\"executionId\":\"RM-ZS_JX\"}"
      },
      {
        "user_id": "codex_agency_test_20260518170229_uploader",
        "master_id": null,
        "post_id": "codex_agency_test_20260518170229_hq_post",
        "commission_type": "CREATOR",
        "processed": 1,
        "point_by_coin": 96,
        "point_by_subscription": 0,
        "view_count_coin": 4,
        "view_count_subscription": 4,
        "metadata": "{\"processingStartedAt\":\"2026-05-18T17:04:07.118Z\",\"attemptedPoints\":144,\"executionId\":\"RM-ZS_JX\"}"
      },
      {
        "user_id": "codex_agency_test_20260518170229_uploader",
        "master_id": null,
        "post_id": "codex_agency_test_20260518170229_network_post",
        "commission_type": "CREATOR",
        "processed": 1,
        "point_by_coin": 144,
        "point_by_subscription": 0,
        "view_count_coin": 6,
        "view_count_subscription": 3,
        "metadata": "{\"processingStartedAt\":\"2026-05-18T17:04:09.593Z\",\"attemptedPoints\":144,\"executionId\":\"RM-ZS_JX\"}"
      },
      {
        "user_id": "codex_agency_test_20260518170229_uploader",
        "master_id": null,
        "post_id": "codex_agency_test_20260518170229_network_post",
        "commission_type": "CREATOR",
        "processed": 1,
        "point_by_coin": 144,
        "point_by_subscription": 0,
        "view_count_coin": 6,
        "view_count_subscription": 3,
        "metadata": "{\"processingStartedAt\":\"2026-05-18T17:04:14.090Z\",\"attemptedPoints\":144,\"executionId\":\"5wm7Hi5D\"}"
      },
      {
        "user_id": "codex_agency_test_20260518170229_hq_level2",
        "master_id": "codex_agency_test_20260518170229_hq_master",
        "post_id": null,
        "commission_type": "DIRECT",
        "processed": 1,
        "point_by_coin": 1.44,
        "point_by_subscription": 0,
        "view_count_coin": 2,
        "view_count_subscription": 0,
        "metadata": "{\"processingStartedAt\":\"2026-05-18T17:04:08.116Z\",\"attemptedPoints\":1.44,\"executionId\":\"RM-ZS_JX\"}"
      },
      {
        "user_id": "codex_agency_test_20260518170229_hq_master",
        "master_id": "codex_agency_test_20260518170229_hq_master",
        "post_id": null,
        "commission_type": "DIRECT",
        "processed": 1,
        "point_by_coin": 43.2,
        "point_by_subscription": 0,
        "view_count_coin": 2,
        "view_count_subscription": 2,
        "metadata": "{\"processingStartedAt\":\"2026-05-18T17:04:08.616Z\",\"attemptedPoints\":86.4,\"executionId\":\"RM-ZS_JX\"}"
      },
      {
        "user_id": "codex_agency_test_20260518170229_hq_direct_a",
        "master_id": "codex_agency_test_20260518170229_hq_master",
        "post_id": null,
        "commission_type": "INDIRECT",
        "processed": 1,
        "point_by_coin": 3.36,
        "point_by_subscription": 0,
        "view_count_coin": 2,
        "view_count_subscription": 0,
        "metadata": "{\"processingStartedAt\":\"2026-05-18T17:04:08.363Z\",\"attemptedPoints\":3.36,\"executionId\":\"RM-ZS_JX\"}"
      },
      {
        "user_id": "codex_agency_test_20260518170229_hq_master",
        "master_id": "codex_agency_test_20260518170229_hq_master",
        "post_id": null,
        "commission_type": "INDIRECT",
        "processed": 1,
        "point_by_coin": 43.2,
        "point_by_subscription": 0,
        "view_count_coin": 2,
        "view_count_subscription": 0,
        "metadata": "{\"processingStartedAt\":\"2026-05-18T17:04:08.616Z\",\"attemptedPoints\":86.4,\"executionId\":\"RM-ZS_JX\"}"
      },
      {
        "user_id": "codex_agency_test_20260518170229_binary_direct_a",
        "master_id": "codex_agency_test_20260518170229_binary_master",
        "post_id": null,
        "commission_type": "NETWORK_LEVEL",
        "processed": 1,
        "point_by_coin": 1.68,
        "point_by_subscription": 0,
        "view_count_coin": 1,
        "view_count_subscription": 0,
        "metadata": "{\"processingStartedAt\":\"2026-05-18T17:04:07.626Z\",\"attemptedPoints\":1.68,\"executionId\":\"RM-ZS_JX\"}"
      },
      {
        "user_id": "codex_agency_test_20260518170229_binary_level2",
        "master_id": "codex_agency_test_20260518170229_binary_master",
        "post_id": null,
        "commission_type": "NETWORK_LEVEL",
        "processed": 1,
        "point_by_coin": 21.6,
        "point_by_subscription": 0,
        "view_count_coin": 1,
        "view_count_subscription": 0,
        "metadata": "{\"processingStartedAt\":\"2026-05-18T17:04:07.382Z\",\"attemptedPoints\":21.6,\"executionId\":\"RM-ZS_JX\"}"
      },
      {
        "user_id": "codex_agency_test_20260518170229_binary_master",
        "master_id": "codex_agency_test_20260518170229_binary_master",
        "post_id": null,
        "commission_type": "NETWORK_LEVEL",
        "processed": 1,
        "point_by_coin": 22.32,
        "point_by_subscription": 0,
        "view_count_coin": 2,
        "view_count_subscription": 1,
        "metadata": "{\"processingStartedAt\":\"2026-05-18T17:04:07.868Z\",\"attemptedPoints\":22.32,\"executionId\":\"RM-ZS_JX\"}"
      },
      {
        "user_id": "codex_agency_test_20260518170229_network_direct_a",
        "master_id": "codex_agency_test_20260518170229_network_master",
        "post_id": null,
        "commission_type": "NETWORK_LEVEL",
        "processed": 1,
        "point_by_coin": 5.04,
        "point_by_subscription": 0,
        "view_count_coin": 3,
        "view_count_subscription": 0,
        "metadata": "{\"processingStartedAt\":\"2026-05-18T17:04:10.076Z\",\"attemptedPoints\":5.04,\"executionId\":\"RM-ZS_JX\"}"
      },
      {
        "user_id": "codex_agency_test_20260518170229_network_direct_a",
        "master_id": "codex_agency_test_20260518170229_network_master",
        "post_id": null,
        "commission_type": "NETWORK_LEVEL",
        "processed": 1,
        "point_by_coin": 5.04,
        "point_by_subscription": 0,
        "view_count_coin": 3,
        "view_count_subscription": 0,
        "metadata": "{\"processingStartedAt\":\"2026-05-18T17:04:15.162Z\",\"attemptedPoints\":5.04,\"executionId\":\"5wm7Hi5D\"}"
      },
      {
        "user_id": "codex_agency_test_20260518170229_network_level2",
        "master_id": "codex_agency_test_20260518170229_network_master",
        "post_id": null,
        "commission_type": "NETWORK_LEVEL",
        "processed": 1,
        "point_by_coin": 64.8,
        "point_by_subscription": 0,
        "view_count_coin": 3,
        "view_count_subscription": 0,
        "metadata": "{\"processingStartedAt\":\"2026-05-18T17:04:09.831Z\",\"attemptedPoints\":64.8,\"executionId\":\"RM-ZS_JX\"}"
      },
      {
        "user_id": "codex_agency_test_20260518170229_network_level2",
        "master_id": "codex_agency_test_20260518170229_network_master",
        "post_id": null,
        "commission_type": "NETWORK_LEVEL",
        "processed": 1,
        "point_by_coin": 64.8,
        "point_by_subscription": 0,
        "view_count_coin": 3,
        "view_count_subscription": 0,
        "metadata": "{\"processingStartedAt\":\"2026-05-18T17:04:14.606Z\",\"attemptedPoints\":64.8,\"executionId\":\"5wm7Hi5D\"}"
      },
      {
        "user_id": "codex_agency_test_20260518170229_network_master",
        "master_id": "codex_agency_test_20260518170229_network_master",
        "post_id": null,
        "commission_type": "NETWORK_LEVEL",
        "processed": 1,
        "point_by_coin": 66.96,
        "point_by_subscription": 0,
        "view_count_coin": 6,
        "view_count_subscription": 3,
        "metadata": "{\"processingStartedAt\":\"2026-05-18T17:04:10.315Z\",\"attemptedPoints\":66.96,\"executionId\":\"RM-ZS_JX\"}"
      },
      {
        "user_id": "codex_agency_test_20260518170229_network_master",
        "master_id": "codex_agency_test_20260518170229_network_master",
        "post_id": null,
        "commission_type": "NETWORK_LEVEL",
        "processed": 1,
        "point_by_coin": 66.96,
        "point_by_subscription": 0,
        "view_count_coin": 6,
        "view_count_subscription": 3,
        "metadata": "{\"processingStartedAt\":\"2026-05-18T17:04:15.731Z\",\"attemptedPoints\":66.96,\"executionId\":\"5wm7Hi5D\"}"
      }
    ],
    "success": true,
    "meta": {
      "served_by": "v3-prod",
      "served_by_region": "APAC",
      "served_by_colo": "HKG",
      "served_by_primary": true,
      "timings": {
        "sql_duration_ms": 0.2706
      },
      "duration": 0.2706,
      "changes": 0,
      "last_row_id": 275,
      "changed_db": false,
      "size_after": 307200,
      "rows_read": 34,
      "rows_written": 0,
      "total_attempts": 1
    }
  },
  {
    "results": [
      {
        "user_id": "codex_agency_test_20260518170229_binary_direct_a",
        "master_id": "codex_agency_test_20260518170229_binary_master",
        "level": 2,
        "downline_member_count": 2,
        "downline_users": "[{\"userId\":\"codex_agency_test_20260518170229_binary_level2\",\"username\":\"codex_agency_test_20260518170229_binary_level2\"}]"
      },
      {
        "user_id": "codex_agency_test_20260518170229_binary_direct_b",
        "master_id": "codex_agency_test_20260518170229_binary_master",
        "level": 2,
        "downline_member_count": 0,
        "downline_users": "[]"
      },
      {
        "user_id": "codex_agency_test_20260518170229_binary_level2",
        "master_id": "codex_agency_test_20260518170229_binary_master",
        "level": 3,
        "downline_member_count": 1,
        "downline_users": "[{\"userId\":\"codex_agency_test_20260518170229_binary_level3\",\"username\":\"codex_agency_test_20260518170229_binary_level3\"}]"
      },
      {
        "user_id": "codex_agency_test_20260518170229_binary_level3",
        "master_id": "codex_agency_test_20260518170229_binary_master",
        "level": 4,
        "downline_member_count": 0,
        "downline_users": "[]"
      },
      {
        "user_id": "codex_agency_test_20260518170229_binary_master",
        "master_id": "codex_agency_test_20260518170229_binary_master",
        "level": 1,
        "downline_member_count": 4,
        "downline_users": "[{\"userId\":\"codex_agency_test_20260518170229_binary_direct_a\",\"username\":\"codex_agency_test_20260518170229_binary_direct_a\"},{\"userId\":\"codex_agency_test_20260518170229_binary_direct_b\",\"username\":\"codex_agency_test_20260518170229_binary_direct_b\"}]"
      },
      {
        "user_id": "codex_agency_test_20260518170229_hq_direct_a",
        "master_id": "codex_agency_test_20260518170229_hq_master",
        "level": 2,
        "downline_member_count": 2,
        "downline_users": "[{\"userId\":\"codex_agency_test_20260518170229_hq_level2\",\"username\":\"codex_agency_test_20260518170229_hq_level2\"}]"
      },
      {
        "user_id": "codex_agency_test_20260518170229_hq_direct_b",
        "master_id": "codex_agency_test_20260518170229_hq_master",
        "level": 2,
        "downline_member_count": 0,
        "downline_users": "[]"
      },
      {
        "user_id": "codex_agency_test_20260518170229_hq_level2",
        "master_id": "codex_agency_test_20260518170229_hq_master",
        "level": 3,
        "downline_member_count": 1,
        "downline_users": "[{\"userId\":\"codex_agency_test_20260518170229_hq_level3\",\"username\":\"codex_agency_test_20260518170229_hq_level3\"}]"
      },
      {
        "user_id": "codex_agency_test_20260518170229_hq_level3",
        "master_id": "codex_agency_test_20260518170229_hq_master",
        "level": 4,
        "downline_member_count": 0,
        "downline_users": "[]"
      },
      {
        "user_id": "codex_agency_test_20260518170229_hq_master",
        "master_id": "codex_agency_test_20260518170229_hq_master",
        "level": 1,
        "downline_member_count": 4,
        "downline_users": "[{\"userId\":\"codex_agency_test_20260518170229_hq_direct_a\",\"username\":\"codex_agency_test_20260518170229_hq_direct_a\"},{\"userId\":\"codex_agency_test_20260518170229_hq_direct_b\",\"username\":\"codex_agency_test_20260518170229_hq_direct_b\"}]"
      },
      {
        "user_id": "codex_agency_test_20260518170229_network_direct_a",
        "master_id": "codex_agency_test_20260518170229_network_master",
        "level": 2,
        "downline_member_count": 2,
        "downline_users": "[{\"userId\":\"codex_agency_test_20260518170229_network_level2\",\"username\":\"codex_agency_test_20260518170229_network_level2\"}]"
      },
      {
        "user_id": "codex_agency_test_20260518170229_network_direct_b",
        "master_id": "codex_agency_test_20260518170229_network_master",
        "level": 2,
        "downline_member_count": 0,
        "downline_users": "[]"
      },
      {
        "user_id": "codex_agency_test_20260518170229_network_level2",
        "master_id": "codex_agency_test_20260518170229_network_master",
        "level": 3,
        "downline_member_count": 1,
        "downline_users": "[{\"userId\":\"codex_agency_test_20260518170229_network_level3\",\"username\":\"codex_agency_test_20260518170229_network_level3\"}]"
      },
      {
        "user_id": "codex_agency_test_20260518170229_network_level3",
        "master_id": "codex_agency_test_20260518170229_network_master",
        "level": 4,
        "downline_member_count": 0,
        "downline_users": "[]"
      },
      {
        "user_id": "codex_agency_test_20260518170229_network_master",
        "master_id": "codex_agency_test_20260518170229_network_master",
        "level": 1,
        "downline_member_count": 4,
        "downline_users": "[{\"userId\":\"codex_agency_test_20260518170229_network_direct_a\",\"username\":\"codex_agency_test_20260518170229_network_direct_a\"},{\"userId\":\"codex_agency_test_20260518170229_network_direct_b\",\"username\":\"codex_agency_test_20260518170229_network_direct_b\"}]"
      }
    ],
    "success": true,
    "meta": {
      "served_by": "v3-prod",
      "served_by_region": "APAC",
      "served_by_colo": "HKG",
      "served_by_primary": true,
      "timings": {
        "sql_duration_ms": 0.214
      },
      "duration": 0.214,
      "changes": 0,
      "last_row_id": 275,
      "changed_db": false,
      "size_after": 307200,
      "rows_read": 33,
      "rows_written": 0,
      "total_attempts": 1
    }
  }
]
---

--- 2026-05-18T17:04:31.899Z debug
Metrics dispatcher: Dispatching disabled - would have sent {"deviceId":"c8397d8f-15b6-4383-ac87-c9f1f1083fc4","event":"wrangler command completed","timestamp":1779123871899,"properties":{"amplitude_session_id":1779123871425,"amplitude_event_id":1,"wranglerVersion":"4.0.0","osPlatform":"Mac OS","osVersion":"Darwin Kernel Version 22.6.0: Sun Dec 17 22:14:25 PST 2023; root:xnu-8796.141.3.703.2~2/RELEASE_ARM64_T8112","nodeVersion":24,"packageManager":"npm","isFirstUsage":false,"configFileType":"toml","isCI":false,"isPagesCI":false,"isWorkersCI":false,"isInteractive":false,"hasAssets":false,"argsUsed":["command","remote"],"argsCombination":"command, remote","command":"wrangler d1 execute","args":{"remote":true,"command":"<REDACTED>","xJsonConfig":true,"j":true,"json":false,"preview":false,"database":"<REDACTED>"},"durationMs":483,"durationSeconds":0.483,"durationMinutes":0.00805}}.
---
